Component: ARM Compiler 5.06 update 6 (build 750) Tool: armlink [4d35ed]

==============================================================================

Section Cross References

    main.o(i.AverageAndSaveValues) refers to _printf_percent.o(.ARM.Collect$$_printf_percent$$00000000) for _printf_percent
    main.o(i.AverageAndSaveValues) refers to _printf_d.o(.ARM.Collect$$_printf_percent$$00000009) for _printf_d
    main.o(i.AverageAndSaveValues) refers to _printf_dec.o(.text) for _printf_int_dec
    main.o(i.AverageAndSaveValues) refers to rt_memclr_w.o(.text) for __aeabi_memclr4
    main.o(i.AverageAndSaveValues) refers to atoi.o(.text) for atoi
    main.o(i.AverageAndSaveValues) refers to rt_memclr.o(.text) for __aeabi_memclr
    main.o(i.AverageAndSaveValues) refers to main.o(i.GetAverage) for GetAverage
    main.o(i.AverageAndSaveValues) refers to main.o(i.GetMediana) for GetMediana
    main.o(i.AverageAndSaveValues) refers to noretval__2sprintf.o(.text) for __2sprintf
    main.o(i.AverageAndSaveValues) refers to main.o(i.WriteToMemory) for WriteToMemory
    main.o(i.AverageAndSaveValues) refers to main.o(.bss) for buffer
    main.o(i.AverageAndSaveValues) refers to main.o(.data) for buffer_size
    main.o(i.CheckGsmAns) refers to main.o(i.GetSize) for GetSize
    main.o(i.CheckGsmAns) refers to main.o(i.ShowError) for ShowError
    main.o(i.CheckGsmAns) refers to main.o(i.IndexOf) for IndexOf
    main.o(i.CheckGsmAns) refers to stm32f4xx_hal_gpio.o(i.HAL_GPIO_WritePin) for HAL_GPIO_WritePin
    main.o(i.CheckGsmAns) refers to stm32f4xx_hal.o(i.HAL_Delay) for HAL_Delay
    main.o(i.CheckGsmAns) refers to main.o(.data) for needGsmReboot
    main.o(i.ClearUart2) refers to rt_memclr_w.o(.text) for __aeabi_memclr4
    main.o(i.ClearUart2) refers to main.o(.data) for uart2_buffer_fill
    main.o(i.ClearUart2) refers to main.o(.bss) for uart2RxBuffer
    main.o(i.ClearUart3) refers to rt_memclr_w.o(.text) for __aeabi_memclr4
    main.o(i.ClearUart3) refers to main.o(.data) for uart3_buffer_fill
    main.o(i.ClearUart3) refers to main.o(.bss) for uart3RxBuffer
    main.o(i.CompileAndSendRequest) refers to main.o(i.TcpConnectOpen) for TcpConnectOpen
    main.o(i.CompileAndSendRequest) refers to strcpy.o(.text) for strcpy
    main.o(i.CompileAndSendRequest) refers to rt_memclr_w.o(.text) for __aeabi_memclr4
    main.o(i.CompileAndSendRequest) refers to strcat.o(.text) for strcat
    main.o(i.CompileAndSendRequest) refers to main.o(i.GsmHttpRequest) for GsmHttpRequest
    main.o(i.CompileAndSendRequest) refers to rt_memclr.o(.text) for __aeabi_memclr
    main.o(i.CompileAndSendRequest) refers to main.o(.bss) for memory
    main.o(i.Countup) refers to main.o(.data) for milliseconds
    main.o(i.FastWait) refers to stm32f4xx_hal_gpio.o(i.HAL_GPIO_WritePin) for HAL_GPIO_WritePin
    main.o(i.FastWait) refers to stm32f4xx_hal_gpio.o(i.HAL_GPIO_TogglePin) for HAL_GPIO_TogglePin
    main.o(i.FastWait) refers to stm32f4xx_hal.o(i.HAL_Delay) for HAL_Delay
    main.o(i.GetLicenseStatus) refers to main.o(i.GsmCmd) for GsmCmd
    main.o(i.GetLicenseStatus) refers to main.o(i.IndexOf) for IndexOf
    main.o(i.GetLicenseStatus) refers to stm32f4xx_hal.o(i.HAL_Delay) for HAL_Delay
    main.o(i.GetLicenseStatus) refers to rt_memclr_w.o(.text) for __aeabi_memclr4
    main.o(i.GetLicenseStatus) refers to main.o(i.GsmCmdWithStrWaiting) for GsmCmdWithStrWaiting
    main.o(i.GetLicenseStatus) refers to main.o(i.send_str) for send_str
    main.o(i.GetLicenseStatus) refers to main.o(i.send_to_uart) for send_to_uart
    main.o(i.GetLicenseStatus) refers to main.o(i.Uart2RxStrWaiting) for Uart2RxStrWaiting
    main.o(i.GetLicenseStatus) refers to main.o(i.TcpConnectClose) for TcpConnectClose
    main.o(i.GetLicenseStatus) refers to main.o(.data) for license
    main.o(i.GetLicenseStatus) refers to main.o(.bss) for uart2RxBuffer
    main.o(i.GetMediana) refers to main.o(i.GetClearArraySize) for GetClearArraySize
    main.o(i.GetMyID) refers to _printf_percent.o(.ARM.Collect$$_printf_percent$$00000000) for _printf_percent
    main.o(i.GetMyID) refers to _printf_d.o(.ARM.Collect$$_printf_percent$$00000009) for _printf_d
    main.o(i.GetMyID) refers to _printf_dec.o(.text) for _printf_int_dec
    main.o(i.GetMyID) refers to noretval__2sprintf.o(.text) for __2sprintf
    main.o(i.GetMyID) refers to rt_memclr_w.o(.text) for __aeabi_memclr4
    main.o(i.GetMyID) refers to strcat.o(.text) for strcat
    main.o(i.GetMyID) refers to strcpy.o(.text) for strcpy
    main.o(i.GetMyID) refers to main.o(.bss) for str_myid
    main.o(i.GetTemp) refers to main.o(i.ClearUart3) for ClearUart3
    main.o(i.GetTemp) refers to main.o(i.Uart3RxStrWaiting) for Uart3RxStrWaiting
    main.o(i.GetTemp) refers to main.o(i.IndexOf) for IndexOf
    main.o(i.GetTemp) refers to h1_alloc.o(.text) for malloc
    main.o(i.GetTemp) refers to atof.o(i.__hardfp_atof) for __hardfp_atof
[...]
    i.GsmCmd                                 0x08002520   Section        0  main.o(i.GsmCmd)
    i.GsmCmdWithStrWaiting                   0x08002540   Section        0  main.o(i.GsmCmdWithStrWaiting)
    i.GsmHttpRequest                         0x08002588   Section        0  main.o(i.GsmHttpRequest)
    i.GsmTransmit                            0x080025f8   Section        0  main.o(i.GsmTransmit)
    i.HAL_ADC_ConfigChannel                  0x08002604   Section        0  stm32f4xx_hal_adc.o(i.HAL_ADC_ConfigChannel)
    i.HAL_ADC_GetValue                       0x08002790   Section        0  stm32f4xx_hal_adc.o(i.HAL_ADC_GetValue)
    i.HAL_ADC_Init                           0x08002798   Section        0  stm32f4xx_hal_adc.o(i.HAL_ADC_Init)
    i.HAL_ADC_MspInit                        0x08002800   Section        0  stm32f4xx_hal_adc.o(i.HAL_ADC_MspInit)
    i.HAL_ADC_PollForConversion              0x08002802   Section        0  stm32f4xx_hal_adc.o(i.HAL_ADC_PollForConversion)
    i.HAL_ADC_Start                          0x080028bc   Section        0  stm32f4xx_hal_adc.o(i.HAL_ADC_Start)
    i.HAL_Delay                              0x080029bc   Section        0  stm32f4xx_hal.o(i.HAL_Delay)
    i.HAL_GPIO_Init                          0x080029e4   Section        0  stm32f4xx_hal_gpio.o(i.HAL_GPIO_Init)
    i.HAL_GPIO_TogglePin                     0x08002be4   Section        0  stm32f4xx_hal_gpio.o(i.HAL_GPIO_TogglePin)
    i.HAL_GPIO_WritePin                      0x08002bec   Section        0  stm32f4xx_hal_gpio.o(i.HAL_GPIO_WritePin)
    i.HAL_GetTick                            0x08002bf8   Section        0  stm32f4xx_hal.o(i.HAL_GetTick)
    i.HAL_IncTick                            0x08002c04   Section        0  stm32f4xx_hal.o(i.HAL_IncTick)
    i.HAL_Init                               0x08002c1c   Section        0  stm32f4xx_hal.o(i.HAL_Init)
    i.HAL_InitTick                           0x08002c58   Section        0  stm32f4xx_hal.o(i.HAL_InitTick)
    i.HAL_MspInit                            0x08002ca4   Section        0  stm32f4xx_hal.o(i.HAL_MspInit)
    i.HAL_NVIC_EnableIRQ                     0x08002ca6   Section        0  stm32f4xx_hal_cortex.o(i.HAL_NVIC_EnableIRQ)
    i.HAL_NVIC_SetPriority                   0x08002cc6   Section        0  stm32f4xx_hal_cortex.o(i.HAL_NVIC_SetPriority)
    i.HAL_NVIC_SetPriorityGrouping           0x08002d44   Section        0  stm32f4xx_hal_cortex.o(i.HAL_NVIC_SetPriorityGrouping)
    i.HAL_NVIC_SystemReset                   0x08002d6c   Section        0  stm32f4xx_hal_cortex.o(i.HAL_NVIC_SystemReset)
    i.HAL_RCC_GetHCLKFreq                    0x08002db0   Section        0  stm32f4xx_hal_rcc.o(i.HAL_RCC_GetHCLKFreq)
    i.HAL_RCC_GetPCLK1Freq                   0x08002dbc   Section        0  stm32f4xx_hal_rcc.o(i.HAL_RCC_GetPCLK1Freq)
    i.HAL_RCC_GetPCLK2Freq                   0x08002ddc   Section        0  stm32f4xx_hal_rcc.o(i.HAL_RCC_GetPCLK2Freq)
    i.HAL_SYSTICK_Callback                   0x08002dfc   Section        0  stm32f4xx_hal_cortex.o(i.HAL_SYSTICK_Callback)
    i.HAL_SYSTICK_Config                     0x08002dfe   Section        0  stm32f4xx_hal_cortex.o(i.HAL_SYSTICK_Config)
    i.HAL_SYSTICK_IRQHandler                 0x08002e32   Section        0  stm32f4xx_hal_cortex.o(i.HAL_SYSTICK_IRQHandler)
    i.HAL_UART_Init                          0x08002e3a   Section        0  stm32f4xx_hal_uart.o(i.HAL_UART_Init)
    i.HAL_UART_MspInit                       0x08002eac   Section        0  stm32f4xx_hal_uart.o(i.HAL_UART_MspInit)
    i.Im_Deinit_Gsm                          0x08002eb0   Section        0  main.o(i.Im_Deinit_Gsm)
    i.Im_Init_GPIO                           0x08002ecc   Section        0  main.o(i.Im_Init_GPIO)
    i.Im_Init_GPRS                           0x08002f68   Section        0  main.o(i.Im_Init_GPRS)
    i.Im_Init_GasSensor                      0x08003140   Section        0  main.o(i.Im_Init_GasSensor)
    i.Im_Init_Gsm                            0x08003214   Section        0  main.o(i.Im_Init_Gsm)
    i.Im_Init_UART                           0x08003240   Section        0  main.o(i.Im_Init_UART)
    i.IndexOf                                0x08003394   Section        0  main.o(i.IndexOf)
    i.SaveDataFromSensor                     0x080033c0   Section        0  main.o(i.SaveDataFromSensor)
    i.SendDataFromMemory                     0x08003424   Section        0  main.o(i.SendDataFromMemory)
    i.ShowError                              0x08003454   Section        0  main.o(i.ShowError)
    i.SysTick_Handler                        0x080034b0   Section        0  main.o(i.SysTick_Handler)
    i.SystemInit                             0x080034c0   Section        0  system_stm32f4xx.o(i.SystemInit)
    i.TcpConnectClose                        0x08003524   Section        0  main.o(i.TcpConnectClose)
    i.TcpConnectOpen                         0x0800359c   Section        0  main.o(i.TcpConnectOpen)
    i.UART_SetConfig                         0x08003634   Section        0  stm32f4xx_hal_uart.o(i.UART_SetConfig)
    UART_SetConfig                           0x08003635   Thumb Code   864  stm32f4xx_hal_uart.o(i.UART_SetConfig)
    i.USART2_IRQHandler                      0x0800399c   Section        0  main.o(i.USART2_IRQHandler)
    i.USART3_IRQHandler                      0x08003a04   Section        0  main.o(i.USART3_IRQHandler)
    i.Uart2RxStrWaiting                      0x08003a6c   Section        0  main.o(i.Uart2RxStrWaiting)
    i.Uart3RxStrWaiting                      0x08003ab4   Section        0  main.o(i.Uart3RxStrWaiting)
    i.UpdateTimestaps                        0x08003afc   Section        0  main.o(i.UpdateTimestaps)
    i.Wait                                   0x08003c50   Section        0  main.o(i.Wait)
    i.WriteToBuffer                          0x08003c90   Section        0  main.o(i.WriteToBuffer)
    i.WriteToMemory                          0x08003d1c   Section        0  main.o(i.WriteToMemory)
    i.__NVIC_GetPriorityGrouping             0x08003db8   Section        0  stm32f4xx_hal_cortex.o(i.__NVIC_GetPriorityGrouping)
    __NVIC_GetPriorityGrouping               0x08003db9   Thumb Code    10  stm32f4xx_hal_cortex.o(i.__NVIC_GetPriorityGrouping)
    i.__NVIC_SetPriority                     0x08003dc8   Section        0  stm32f4xx_hal_cortex.o(i.__NVIC_SetPriority)
    __NVIC_SetPriority                       0x08003dc9   Thumb Code    32  stm32f4xx_hal_cortex.o(i.__NVIC_SetPriority)
    i.__hardfp___mathlib_tofloat             0x08003df0   Section        0  narrow.o(i.__hardfp___mathlib_tofloat)
    i.__hardfp_atof                          0x08003ee8   Section        0  atof.o(i.__hardfp_atof)
    i.__hardfp_ldexp                         0x08003f20   Section        0  ldexp.o(i.__hardfp_ldexp)
    i.__mathlib_dbl_overflow                 0x08003ff0   Section        0  dunder.o(i.__mathlib_dbl_overflow)
    i.__mathlib_dbl_underflow                0x08004010   Section        0  dunder.o(i.__mathlib_dbl_underflow)
    i.__mathlib_narrow                       0x08004030   Section        0  narrow.o(i.__mathlib_narrow)
    i.__support_ldexp                        0x08004042   Section        0  ldexp.o(i.__support_ldexp)
    i._is_digit                              0x08004056   Section        0  __printf_wp.o(i._is_digit)
    i.frexp                                  0x08004068   Section        0  frexp.o(i.frexp)
    i.loop                                   0x080040f4   Section        0  main.o(i.loop)
    i.main                                   0x080041cc   Section        0  main.o(i.main)
    i.send_str                               0x080041d8   Section        0  main.o(i.send_str)
    i.send_to_uart                           0x08004200   Section        0  main.o(i.send_to_uart)
    i.setup                                  0x08004238   Section        0  main.o(i.setup)
    locale$$code                             0x08004284   Section       44  lc_numeric_c.o(locale$$code)
    locale$$code                             0x080042b0   Section       44  lc_ctype_c.o(locale$$code)
    x$fpl$d2f                                0x080042dc   Section       98  d2f.o(x$fpl$d2f)
    $v0                                      0x080042dc   Number         0  d2f.o(x$fpl$d2f)
    x$fpl$dcheck1                            0x08004340   Section       16  dcheck1.o(x$fpl$dcheck1)
    $v0                                      0x08004340   Number         0  dcheck1.o(x$fpl$dcheck1)
    x$fpl$dcmpinf                            0x08004350   Section       24  dcmpi.o(x$fpl$dcmpinf)
    $v0                                      0x08004350   Number         0  dcmpi.o(x$fpl$dcmpinf)
    x$fpl$deqf                               0x08004368   Section      120  deqf.o(x$fpl$deqf)
    $v0                                      0x08004368   Number         0  deqf.o(x$fpl$deqf)
    x$fpl$dfix                               0x080043e0   Section       94  dfix.o(x$fpl$dfix)
    $v0                                      0x080043e0   Number         0  dfix.o(x$fpl$dfix)
    x$fpl$dleqf                              0x08004440   Section      120  dleqf.o(x$fpl$dleqf)
    $v0                                      0x08004440   Number         0  dleqf.o(x$fpl$dleqf)
    x$fpl$dmul                               0x080044b8   Section      340  dmul.o(x$fpl$dmul)
    $v0                                      0x080044b8   Number         0  dmul.o(x$fpl$dmul)
    x$fpl$dnaninf                            0x0800460c   Section      156  dnaninf.o(x$fpl$dnaninf)
    $v0                                      0x0800460c   Number         0  dnaninf.o(x$fpl$dnaninf)
    x$fpl$dretinf                            0x080046a8   Section       12  dretinf.o(x$fpl$dretinf)
    $v0                                      0x080046a8   Number         0  dretinf.o(x$fpl$dretinf)
    x$fpl$drleqf                             0x080046b4   Section      108  drleqf.o(x$fpl$drleqf)
    $v0                                      0x080046b4   Number         0  drleqf.o(x$fpl$drleqf)
    x$fpl$fpinit                             0x08004720   Section       10  fpinit.o(x$fpl$fpinit)
    $v0                                      0x08004720   Number         0  fpinit.o(x$fpl$fpinit)
    x$fpl$fretinf                            0x0800472a   Section       10  fretinf.o(x$fpl$fretinf)
    $v0                                      0x0800472a   Number         0  fretinf.o(x$fpl$fretinf)
    x$fpl$ieeestatus                         0x08004734   Section        6  istatus.o(x$fpl$ieeestatus)
    $v0                                      0x08004734   Number         0  istatus.o(x$fpl$ieeestatus)
    x$fpl$retnan                             0x0800473a   Section      100  retnan.o(x$fpl$retnan)
    $v0                                      0x0800473a   Number         0  retnan.o(x$fpl$retnan)
    x$fpl$scalbn                             0x0800479e   Section       92  scalbn.o(x$fpl$scalbn)
    $v0                                      0x0800479e   Number         0  scalbn.o(x$fpl$scalbn)
    x$fpl$scanf1                             0x080047fa   Section        4  scanf1.o(x$fpl$scanf1)
    $v0                                      0x080047fa   Number         0  scanf1.o(x$fpl$scanf1)
    x$fpl$scanf2                             0x080047fe   Section        8  scanf2.o(x$fpl$scanf2)
    $v0                                      0x080047fe   Number         0  scanf2.o(x$fpl$scanf2)
    x$fpl$trapveneer                         0x08004806   Section       48  trapv.o(x$fpl$trapveneer)
    $v0                                      0x08004806   Number         0  trapv.o(x$fpl$trapveneer)
    .constdata                               0x08004836   Section       24  system_stm32f4xx.o(.constdata)
    x$fpl$usenofp                            0x08004836   Section        0  usenofp.o(x$fpl$usenofp)
    .constdata                               0x08004850   Section      148  bigflt0.o(.constdata)
    tenpwrs_x                                0x08004850   Data          60  bigflt0.o(.constdata)
    tenpwrs_i                                0x0800488c   Data          64  bigflt0.o(.constdata)
    c$$dinf                                  0x08004904   Section        8  fpconst.o(c$$dinf)
    c$$dmax                                  0x0800490c   Section        8  fpconst.o(c$$dmax)
    locale$$data                             0x08004914   Section       28  lc_numeric_c.o(locale$$data)
    __lcnum_c_name                           0x08004918   Data           2  lc_numeric_c.o(locale$$data)
    __lcnum_c_start                          0x08004920   Data           0  lc_numeric_c.o(locale$$data)
    __lcnum_c_point                          0x0800492c   Data           0  lc_numeric_c.o(locale$$data)
    __lcnum_c_thousands                      0x0800492e   Data           0  lc_numeric_c.o(locale$$data)
    __lcnum_c_grouping                       0x0800492f   Data           0  lc_numeric_c.o(locale$$data)
    locale$$data                             0x08004930   Section      272  lc_ctype_c.o(locale$$data)
    __lcnum_c_end                            0x08004930   Data           0  lc_numeric_c.o(locale$$data)
    __lcctype_c_name                         0x08004934   Data           2  lc_ctype_c.o(locale$$data)
    __lcctype_c_start                        0x0800493c   Data           0  lc_ctype_c.o(locale$$data)
    __lcctype_c_end                          0x08004a40   Data           0  lc_ctype_c.o(locale$$data)
    .data                                    0x20000000   Section       44  main.o(.data)
    .data                                    0x2000002c   Section        9  stm32f4xx_hal.o(.data)
    .data                                    0x20000038   Section        4  system_stm32f4xx.o(.data)
    .bss                                     0x2000003c   Section    123832  main.o(.bss)
    huart2                                   0x2000043c   Data          64  main.o(.bss)
    huart3                                   0x2000087c   Data          64  main.o(.bss)
    .bss                                     0x2001e3f4   Section       96  libspace.o(.bss)
    HEAP                                     0x2001e458   Section      512  startup_stm32f407xx.o(HEAP)
    Heap_Mem                                 0x2001e458   Data         512  startup_stm32f407xx.o(HEAP)
    STACK                                    0x2001e658   Section     1024  startup_stm32f407xx.o(STACK)
    Stack_Mem                                0x2001e658   Data        1024  startup_stm32f407xx.o(STACK)
    __initial_sp                             0x2001ea58   Data           0  startup_stm32f407xx.o(STACK)

    Global Symbols

    Symbol Name                              Value     Ov Type        Size  Object(Section)

    BuildAttributes$$THM_ISAv4$E$P$D$K$B$S$7EM$VFPi3$EXTD16$VFPS$VFMA$PE$A:L22UL41UL21$X:L11$S22US41US21$IEEE1$IW$USESV6$~STKCKD$USESV7$~SHL$OTIME$ROPI$IEEEX$EBA8$UX$STANDARDLIB$REQ8$PRES8$EABIv2 0x00000000   Number         0  anon$$obj.o ABSOLUTE
    __ARM_use_no_argv                        0x00000000   Number         0  main.o ABSOLUTE
    _printf_flags                            0x00000000   Number         0  printf_stubs.o ABSOLUTE
    _printf_return_value                     0x00000000   Number         0  printf_stubs.o ABSOLUTE
    _printf_sizespec                         0x00000000   Number         0  printf_stubs.o ABSOLUTE
    _printf_widthprec                        0x00000000   Number         0  printf_stubs.o ABSOLUTE
    __ARM_exceptions_init                     - Undefined Weak Reference
    __alloca_initialize                       - Undefined Weak Reference
    __arm_preinit_                            - Undefined Weak Reference
    __cpp_initialize__aeabi_                  - Undefined Weak Reference
    __cxa_finalize                            - Undefined Weak Reference
    __sigvec_lookup                           - Undefined Weak Reference
    __user_heap_extent                        - Undefined Weak Reference
    _atexit_init                              - Undefined Weak Reference
    _call_atexit_fns                          - Undefined Weak Reference
    _clock_init                               - Undefined Weak Reference
    _fp_trap_init                             - Undefined Weak Reference
    _fp_trap_shutdown                         - Undefined Weak Reference
    _get_lc_collate                           - Undefined Weak Reference
    _get_lc_monetary                          - Undefined Weak Reference
    _get_lc_time                              - Undefined Weak Reference
    _getenv_init                              - Undefined Weak Reference
    _handle_redirection                       - Undefined Weak Reference
    _initio                                   - Undefined Weak Reference
    _mutex_acquire                            - Undefined Weak Reference
    _mutex_free                               - Undefined Weak Reference
    _mutex_release                            - Undefined Weak Reference
    _printf_post_padding                      - Undefined Weak Reference
    _printf_pre_padding                       - Undefined Weak Reference
    _printf_truncate_signed                   - Undefined Weak Reference
    _printf_truncate_unsigned                 - Undefined Weak Reference
    _rand_init                                - Undefined Weak Reference
    _signal_finish                            - Undefined Weak Reference
    _signal_init                              - Undefined Weak Reference
    _terminateio                              - Undefined Weak Reference
    __Vectors_Size                           0x00000188   Number         0  startup_stm32f407xx.o ABSOLUTE
    __Vectors                                0x08000000   Data           4  startup_stm32f407xx.o(RESET)
    __Vectors_End                            0x08000188   Data           0  startup_stm32f407xx.o(RESET)
    __main                                   0x08000189   Thumb Code     8  __main.o(!!!main)
    __scatterload                            0x08000191   Thumb Code     0  __scatter.o(!!!scatter)
    __scatterload_rt2                        0x08000191   Thumb Code    44  __scatter.o(!!!scatter)
    __scatterload_rt2_thumb_only             0x08000191   Thumb Code     0  __scatter.o(!!!scatter)
    __scatterload_null                       0x0800019f   Thumb Code     0  __scatter.o(!!!scatter)
    __scatterload_copy                       0x080001c5   Thumb Code    26  __scatter_copy.o(!!handler_copy)
    __scatterload_zeroinit                   0x080001e1   Thumb Code    28  __scatter_zi.o(!!handler_zi)
    _printf_d                                0x080001fd   Thumb Code     0  _printf_d.o(.ARM.Collect$$_printf_percent$$00000009)
    _printf_percent                          0x080001fd   Thumb Code     0  _printf_percent.o(.ARM.Collect$$_printf_percent$$00000000)
    _printf_u                                0x08000203   Thumb Code     0  _printf_u.o(.ARM.Collect$$_printf_percent$$0000000A)
    _printf_percent_end                      0x08000209   Thumb Code     0  _printf_percent_end.o(.ARM.Collect$$_printf_percent$$00000017)
    __rt_lib_init                            0x0800020d   Thumb Code     0  libinit.o(.ARM.Collect$$libinit$$00000000)
    __rt_lib_init_fp_1                       0x0800020f   Thumb Code     0  libinit2.o(.ARM.Collect$$libinit$$00000001)
    __rt_lib_init_heap_2                     0x08000213   Thumb Code     0  libinit2.o(.ARM.Collect$$libinit$$00000005)
    __rt_lib_init_preinit_1                  0x08000213   Thumb Code     0  libinit2.o(.ARM.Collect$$libinit$$00000004)
    __rt_lib_init_heap_1                     0x0800021b   Thumb Code     0  libinit2.o(.ARM.Collect$$libinit$$0000000A)
    __rt_lib_init_lc_common                  0x0800021b   Thumb Code     0  libinit2.o(.ARM.Collect$$libinit$$0000000F)
    __rt_lib_init_rand_1                     0x0800021b   Thumb Code     0  libinit2.o(.ARM.Collect$$libinit$$0000000E)
    __rt_lib_init_user_alloc_1               0x0800021b   Thumb Code     0  libinit2.o(.ARM.Collect$$libinit$$0000000C)
    __rt_lib_init_lc_collate_1               0x08000221   Thumb Code     0  libinit2.o(.ARM.Collect$$libinit$$00000011)
    __rt_lib_init_lc_ctype_2                 0x08000221   Thumb Code     0  libinit2.o(.ARM.Collect$$libinit$$00000012)
    __rt_lib_init_lc_ctype_1                 0x0800022d   Thumb Code     0  libinit2.o(.ARM.Collect$$libinit$$00000013)
    __rt_lib_init_lc_monetary_1              0x0800022d   Thumb Code     0  libinit2.o(.ARM.Collect$$libinit$$00000015)
    __rt_lib_init_lc_numeric_2               0x0800022d   Thumb Code     0  libinit2.o(.ARM.Collect$$libinit$$00000016)
    __rt_lib_init_alloca_1                   0x08000237   Thumb Code     0  libinit2.o(.ARM.Collect$$libinit$$0000002E)
    __rt_lib_init_argv_1                     0x08000237   Thumb Code     0  libinit2.o(.ARM.Collect$$libinit$$0000002C)
    __rt_lib_init_atexit_1                   0x08000237   Thumb Code     0  libinit2.o(.ARM.Collect$$libinit$$0000001B)
    __rt_lib_init_clock_1                    0x08000237   Thumb Code     0  libinit2.o(.ARM.Collect$$libinit$$00000021)
    __rt_lib_init_cpp_1                      0x08000237   Thumb Code     0  libinit2.o(.ARM.Collect$$libinit$$00000032)
    __rt_lib_init_exceptions_1               0x08000237   Thumb Code     0  libinit2.o(.ARM.Collect$$libinit$$00000030)
    __rt_lib_init_fp_trap_1                  0x08000237   Thumb Code     0  libinit2.o(.ARM.Collect$$libinit$$0000001F)
    __rt_lib_init_getenv_1                   0x08000237   Thumb Code     0  libinit2.o(.ARM.Collect$$libinit$$00000023)
    __rt_lib_init_lc_numeric_1               0x08000237   Thumb Code     0  libinit2.o(.ARM.Collect$$libinit$$00000017)
    __rt_lib_init_lc_time_1                  0x08000237   Thumb Code     0  libinit2.o(.ARM.Collect$$libinit$$00000019)
    __rt_lib_init_return                     0x08000237   Thumb Code     0  libinit2.o(.ARM.Collect$$libinit$$00000033)
    __rt_lib_init_signal_1                   0x08000237   Thumb Code     0  libinit2.o(.ARM.Collect$$libinit$$0000001D)
    __rt_lib_init_stdio_1                    0x08000237   Thumb Code     0  libinit2.o(.ARM.Collect$$libinit$$00000025)
    __rt_lib_shutdown                        0x08000239   Thumb Code     0  libshutdown.o(.ARM.Collect$$libshutdown$$00000000)
    __rt_lib_shutdown_cpp_1                  0x0800023b   Thumb Code     0  libshutdown2.o(.ARM.Collect$$libshutdown$$00000002)
    __rt_lib_shutdown_fp_trap_1              0x0800023b   Thumb Code     0  libshutdown2.o(.ARM.Collect$$libshutdown$$00000007)
    __rt_lib_shutdown_heap_1                 0x0800023b   Thumb Code     0  libshutdown2.o(.ARM.Collect$$libshutdown$$0000000F)
    __rt_lib_shutdown_return                 0x0800023b   Thumb Code     0  libshutdown2.o(.ARM.Collect$$libshutdown$$00000010)
    __rt_lib_shutdown_signal_1               0x0800023b   Thumb Code     0  libshutdown2.o(.ARM.Collect$$libshutdown$$0000000A)
    __rt_lib_shutdown_stdio_1                0x0800023b   Thumb Code     0  libshutdown2.o(.ARM.Collect$$libshutdown$$00000004)
    __rt_lib_shutdown_user_alloc_1           0x0800023b   Thumb Code     0  libshutdown2.o(.ARM.Collect$$libshutdown$$0000000C)
    __rt_entry                               0x0800023d   Thumb Code     0  __rtentry.o(.ARM.Collect$$rtentry$$00000000)
    __rt_entry_presh_1                       0x0800023d   Thumb Code     0  __rtentry2.o(.ARM.Collect$$rtentry$$00000002)
    __rt_entry_sh                            0x0800023d   Thumb Code     0  __rtentry4.o(.ARM.Collect$$rtentry$$00000004)
    __rt_entry_li                            0x08000243   Thumb Code     0  __rtentry2.o(.ARM.Collect$$rtentry$$0000000A)
    __rt_entry_postsh_1                      0x08000243   Thumb Code     0  __rtentry2.o(.ARM.Collect$$rtentry$$00000009)
    __rt_entry_main                          0x08000247   Thumb Code     0  __rtentry2.o(.ARM.Collect$$rtentry$$0000000D)
    __rt_entry_postli_1                      0x08000247   Thumb Code     0  __rtentry2.o(.ARM.Collect$$rtentry$$0000000C)
    __rt_exit                                0x0800024f   Thumb Code     0  rtexit.o(.ARM.Collect$$rtexit$$00000000)
    __rt_exit_ls                             0x08000251   Thumb Code     0  rtexit2.o(.ARM.Collect$$rtexit$$00000003)
    __rt_exit_prels_1                        0x08000251   Thumb Code     0  rtexit2.o(.ARM.Collect$$rtexit$$00000002)
    __rt_exit_exit                           0x08000255   Thumb Code     0  rtexit2.o(.ARM.Collect$$rtexit$$00000004)
    Reset_Handler                            0x0800025d   Thumb Code     8  startup_stm32f407xx.o(.text)
    _maybe_terminate_alloc                   0x0800025d   Thumb Code     0  maybetermalloc1.o(.emb_text)
    NMI_Handler                              0x08000265   Thumb Code     2  startup_stm32f407xx.o(.text)
    HardFault_Handler                        0x08000267   Thumb Code     2  startup_stm32f407xx.o(.text)
    MemManage_Handler                        0x08000269   Thumb Code     2  startup_stm32f407xx.o(.text)
    BusFault_Handler                         0x0800026b   Thumb Code     2  startup_stm32f407xx.o(.text)
    UsageFault_Handler                       0x0800026d   Thumb Code     2  startup_stm32f407xx.o(.text)
    SVC_Handler                              0x0800026f   Thumb Code     2  startup_stm32f407xx.o(.text)
    DebugMon_Handler                         0x08000271   Thumb Code     2  startup_stm32f407xx.o(.text)
    PendSV_Handler                           0x08000273   Thumb Code     2  startup_stm32f407xx.o(.text)
    ADC_IRQHandler                           0x08000277   Thumb Code     0  startup_stm32f407xx.o(.text)
    CAN1_RX0_IRQHandler                      0x08000277   Thumb Code     0  startup_stm32f407xx.o(.text)
    CAN1_RX1_IRQHandler                      0x08000277   Thumb Code     0  startup_stm32f407xx.o(.text)
    CAN1_SCE_IRQHandler                      0x08000277   Thumb Code     0  startup_stm32f407xx.o(.text)
    CAN1_TX_IRQHandler                       0x08000277   Thumb Code     0  startup_stm32f407xx.o(.text)
    CAN2_RX0_IRQHandler                      0x08000277   Thumb Code     0  startup_stm32f407xx.o(.text)
    CAN2_RX1_IRQHandler                      0x08000277   Thumb Code     0  startup_stm32f407xx.o(.text)
    CAN2_SCE_IRQHandler                      0x08000277   Thumb Code     0  startup_stm32f407xx.o(.text)
    CAN2_TX_IRQHandler                       0x08000277   Thumb Code     0  startup_stm32f407xx.o(.text)
    DCMI_IRQHandler                          0x08000277   Thumb Code     0  startup_stm32f407xx.o(.text)
    DMA1_Stream0_IRQHandler                  0x08000277   Thumb Code     0  startup_stm32f407xx.o(.text)
    DMA1_Stream1_IRQHandler                  0x08000277   Thumb Code     0  startup_stm32f407xx.o(.text)
    DMA1_Stream2_IRQHandler                  0x08000277   Thumb Code     0  startup_stm32f407xx.o(.text)
    DMA1_Stream3_IRQHandler                  0x08000277   Thumb Code     0  startup_stm32f407xx.o(.text)
    DMA1_Stream4_IRQHandler                  0x08000277   Thumb Code     0  startup_stm32f407xx.o(.text)
    DMA1_Stream5_IRQHandler                  0x08000277   Thumb Code     0  startup_stm32f407xx.o(.text)
    DMA1_Stream6_IRQHandler                  0x08000277   Thumb Code     0  startup_stm32f407xx.o(.text)
    DMA1_Stream7_IRQHandler                  0x08000277   Thumb Code     0  startup_stm32f407xx.o(.text)
    DMA2_Stream0_IRQHandler                  0x08000277   Thumb Code     0  startup_stm32f407xx.o(.text)
    DMA2_Stream1_IRQHandler                  0x08000277   Thumb Code     0  startup_stm32f407xx.o(.text)
    DMA2_Stream2_IRQHandler                  0x08000277   Thumb Code     0  startup_stm32f407xx.o(.text)
    DMA2_Stream3_IRQHandler                  0x08000277   Thumb Code     0  startup_stm32f407xx.o(.text)
    DMA2_Stream4_IRQHandler                  0x08000277   Thumb Code     0  startup_stm32f407xx.o(.text)
    DMA2_Stream5_IRQHandler                  0x08000277   Thumb Code     0  startup_stm32f407xx.o(.text)
    DMA2_Stream6_IRQHandler                  0x08000277   Thumb Code     0  startup_stm32f407xx.o(.text)
    DMA2_Stream7_IRQHandler                  0x08000277   Thumb Code     0  startup_stm32f407xx.o(.text)
    ETH_IRQHandler                           0x08000277   Thumb Code     0  startup_stm32f407xx.o(.text)
    ETH_WKUP_IRQHandler                      0x08000277   Thumb Code     0  startup_stm32f407xx.o(.text)
    EXTI0_IRQHandler                         0x08000277   Thumb Code     0  startup_stm32f407xx.o(.text)
    EXTI15_10_IRQHandler                     0x08000277   Thumb Code     0  startup_stm32f407xx.o(.text)
    EXTI1_IRQHandler                         0x08000277   Thumb Code     0  startup_stm32f407xx.o(.text)
    EXTI2_IRQHandler                         0x08000277   Thumb Code     0  startup_stm32f407xx.o(.text)
    EXTI3_IRQHandler                         0x08000277   Thumb Code     0  startup_stm32f407xx.o(.text)
    EXTI4_IRQHandler                         0x08000277   Thumb Code     0  startup_stm32f407xx.o(.text)
    EXTI9_5_IRQHandler                       0x08000277   Thumb Code     0  startup_stm32f407xx.o(.text)
    FLASH_IRQHandler                         0x08000277   Thumb Code     0  startup_stm32f407xx.o(.text)
    FMC_IRQHandler                           0x08000277   Thumb Code     0  startup_stm32f407xx.o(.text)
    FPU_IRQHandler                           0x08000277   Thumb Code     0  startup_stm32f407xx.o(.text)
    HASH_RNG_IRQHandler                      0x08000277   Thumb Code     0  startup_stm32f407xx.o(.text)
    I2C1_ER_IRQHandler                       0x08000277   Thumb Code     0  startup_stm32f407xx.o(.text)
    I2C1_EV_IRQHandler                       0x08000277   Thumb Code     0  startup_stm32f407xx.o(.text)
    I2C2_ER_IRQHandler                       0x08000277   Thumb Code     0  startup_stm32f407xx.o(.text)
    I2C2_EV_IRQHandler                       0x08000277   Thumb Code     0  startup_stm32f407xx.o(.text)
    I2C3_ER_IRQHandler                       0x08000277   Thumb Code     0  startup_stm32f407xx.o(.text)
    I2C3_EV_IRQHandler                       0x08000277   Thumb Code     0  startup_stm32f407xx.o(.text)
    OTG_FS_IRQHandler                        0x08000277   Thumb Code     0  startup_stm32f407xx.o(.text)
    OTG_FS_WKUP_IRQHandler                   0x08000277   Thumb Code     0  startup_stm32f407xx.o(.text)
    OTG_HS_EP1_IN_IRQHandler                 0x08000277   Thumb Code     0  startup_stm32f407xx.o(.text)
    OTG_HS_EP1_OUT_IRQHandler                0x08000277   Thumb Code     0  startup_stm32f407xx.o(.text)
    OTG_HS_IRQHandler                        0x08000277   Thumb Code     0  startup_stm32f407xx.o(.text)
    OTG_HS_WKUP_IRQHandler                   0x08000277   Thumb Code     0  startup_stm32f407xx.o(.text)
    PVD_IRQHandler                           0x08000277   Thumb Code     0  startup_stm32f407xx.o(.text)
    RCC_IRQHandler                           0x08000277   Thumb Code     0  startup_stm32f407xx.o(.text)
    RTC_Alarm_IRQHandler                     0x08000277   Thumb Code     0  startup_stm32f407xx.o(.text)
    RTC_WKUP_IRQHandler                      0x08000277   Thumb Code     0  startup_stm32f407xx.o(.text)
    SDIO_IRQHandler                          0x08000277   Thumb Code     0  startup_stm32f407xx.o(.text)
    SPI1_IRQHandler                          0x08000277   Thumb Code     0  startup_stm32f407xx.o(.text)
    SPI2_IRQHandler                          0x08000277   Thumb Code     0  startup_stm32f407xx.o(.text)
    SPI3_IRQHandler                          0x08000277   Thumb Code     0  startup_stm32f407xx.o(.text)
    TAMP_STAMP_IRQHandler                    0x08000277   Thumb Code     0  startup_stm32f407xx.o(.text)
    TIM1_BRK_TIM9_IRQHandler                 0x08000277   Thumb Code     0  startup_stm32f407xx.o(.text)
    TIM1_CC_IRQHandler                       0x08000277   Thumb Code     0  startup_stm32f407xx.o(.text)
    TIM1_TRG_COM_TIM11_IRQHandler            0x08000277   Thumb Code     0  startup_stm32f407xx.o(.text)
    TIM1_UP_TIM10_IRQHandler                 0x08000277   Thumb Code     0  startup_stm32f407xx.o(.text)
    TIM2_IRQHandler                          0x08000277   Thumb Code     0  startup_stm32f407xx.o(.text)
    TIM3_IRQHandler                          0x08000277   Thumb Code     0  startup_stm32f407xx.o(.text)
    TIM4_IRQHandler                          0x08000277   Thumb Code     0  startup_stm32f407xx.o(.text)
    TIM5_IRQHandler                          0x08000277   Thumb Code     0  startup_stm32f407xx.o(.text)
    TIM6_DAC_IRQHandler                      0x08000277   Thumb Code     0  startup_stm32f407xx.o(.text)
    TIM7_IRQHandler                          0x08000277   Thumb Code     0  startup_stm32f407xx.o(.text)
    TIM8_BRK_TIM12_IRQHandler                0x08000277   Thumb Code     0  startup_stm32f407xx.o(.text)
    TIM8_CC_IRQHandler                       0x08000277   Thumb Code     0  startup_stm32f407xx.o(.text)
    TIM8_TRG_COM_TIM14_IRQHandler            0x08000277   Thumb Code     0  startup_stm32f407xx.o(.text)
    TIM8_UP_TIM13_IRQHandler                 0x08000277   Thumb Code     0  startup_stm32f407xx.o(.text)
    UART4_IRQHandler                         0x08000277   Thumb Code     0  startup_stm32f407xx.o(.text)
    UART5_IRQHandler                         0x08000277   Thumb Code     0  startup_stm32f407xx.o(.text)
    USART1_IRQHandler                        0x08000277   Thumb Code     0  startup_stm32f407xx.o(.text)
    USART6_IRQHandler                        0x08000277   Thumb Code     0  startup_stm32f407xx.o(.text)
    WWDG_IRQHandler                          0x08000277   Thumb Code     0  startup_stm32f407xx.o(.text)
    __user_initial_stackheap                 0x08000279   Thumb Code     0  startup_stm32f407xx.o(.text)
    malloc                                   0x0800029d   Thumb Code    94  h1_alloc.o(.text)
    free                                     0x080002fb   Thumb Code    78  h1_free.o(.text)
    __2sprintf                               0x08000349   Thumb Code    34  noretval__2sprintf.o(.text)
    _printf_int_dec                          0x08000371   Thumb Code   104  _printf_dec.o(.text)
    __printf                                 0x080003e9   Thumb Code   184  __printf_ss.o(.text)
    atoi                                     0x080004a1   Thumb Code    26  atoi.o(.text)
    strstr                                   0x080004bb   Thumb Code    36  strstr.o(.text)
    strcpy                                   0x080004df   Thumb Code    72  strcpy.o(.text)
    strcat                                   0x08000527   Thumb Code    24  strcat.o(.text)
    __aeabi_memclr                           0x0800053f   Thumb Code     0  rt_memclr.o(.text)
    __rt_memclr                              0x0800053f   Thumb Code    68  rt_memclr.o(.text)
    _memset                                  0x08000543   Thumb Code     0  rt_memclr.o(.text)
    __aeabi_memclr4                          0x08000583   Thumb Code     0  rt_memclr_w.o(.text)
    __aeabi_memclr8                          0x08000583   Thumb Code     0  rt_memclr_w.o(.text)
    __rt_memclr_w                            0x08000583   Thumb Code    78  rt_memclr_w.o(.text)
    _memset_w                                0x08000587   Thumb Code     0  rt_memclr_w.o(.text)
    __use_two_region_memory                  0x080005d1   Thumb Code     2  heapauxi.o(.text)
    __rt_heap_escrow                         0x080005d3   Thumb Code     2  heapauxi.o(.text)
    __rt_heap_expand                         0x080005d5   Thumb Code     2  heapauxi.o(.text)
    __rt_heap_descriptor                     0x080005d9   Thumb Code     8  rt_heap_descriptor_intlibspace.o(.text)
    __aeabi_errno_addr                       0x080005e1   Thumb Code     8  rt_errno_addr_intlibspace.o(.text)
    __errno$intlibspace                      0x080005e1   Thumb Code     0  rt_errno_addr_intlibspace.o(.text)
    __rt_errno_addr$intlibspace              0x080005e1   Thumb Code     0  rt_errno_addr_intlibspace.o(.text)
    __use_no_heap                            0x080005e9   Thumb Code     2  hguard.o(.text)
    __heap$guard                             0x080005eb   Thumb Code     2  hguard.o(.text)
    _terminate_user_alloc                    0x080005ed   Thumb Code     2  init_alloc.o(.text)
    _init_user_alloc                         0x080005ef   Thumb Code     2  init_alloc.o(.text)
    __Heap_Full                              0x080005f1   Thumb Code    34  init_alloc.o(.text)
    __Heap_Broken                            0x08000613   Thumb Code     6  init_alloc.o(.text)
    _init_alloc                              0x08000619   Thumb Code    94  init_alloc.o(.text)
    __Heap_Initialize                        0x08000677   Thumb Code    10  h1_init.o(.text)
    __Heap_DescSize                          0x08000681   Thumb Code     4  h1_init.o(.text)
    __read_errno                             0x08000685   Thumb Code    10  _rserrno.o(.text)
    __set_errno                              0x0800068f   Thumb Code    12  _rserrno.o(.text)
    _printf_int_common                       0x0800069b   Thumb Code   178  _printf_intcommon.o(.text)
    _printf_char_common                      0x08000757   Thumb Code    32  _printf_char_common.o(.text)
    _sputc                                   0x0800077d   Thumb Code    10  _sputc.o(.text)
    __strtod_int                             0x080007c5   Thumb Code    90  strtod.o(.text)
    strtol                                   0x0800082d   Thumb Code   112  strtol.o(.text)
    __user_libspace                          0x0800089d   Thumb Code     8  libspace.o(.text)
    __user_perproc_libspace                  0x0800089d   Thumb Code     0  libspace.o(.text)
    __user_perthread_libspace                0x0800089d   Thumb Code     0  libspace.o(.text)
    __rt_ctype_table                         0x080008a5   Thumb Code    16  rt_ctype_table.o(.text)
    __Heap_ProvideMemory                     0x080008b5   Thumb Code    52  h1_extend.o(.text)
    isspace                                  0x080008e9   Thumb Code    18  isspace.o(.text)
    _sgetc                                   0x080008fb   Thumb Code    30  _sgetc.o(.text)
    _sbackspace                              0x08000919   Thumb Code    34  _sgetc.o(.text)
    _strtoul                                 0x0800093b   Thumb Code   158  _strtoul.o(.text)
    __rt_SIGRTMEM                            0x080009d9   Thumb Code    14  defsig_rtmem_outer.o(.text)
    __I$use$semihosting                      0x080009e7   Thumb Code     0  use_no_semi.o(.text)
    __use_no_semihosting_swi                 0x080009e7   Thumb Code     2  use_no_semi.o(.text)
    __semihosting_library_function           0x080009e9   Thumb Code     0  indicate_semi.o(.text)
    __user_setup_stackheap                   0x080009e9   Thumb Code    74  sys_stackheap_outer.o(.text)
    __rt_locale                              0x08000a35   Thumb Code     8  rt_locale_intlibspace.o(.text)
    _chval                                   0x08000a3d   Thumb Code    28  _chval.o(.text)
    _scanf_really_real                       0x08000ca5   Thumb Code   684  scanf_fp.o(.text)
    exit                                     0x08000f51   Thumb Code    18  exit.o(.text)
    __sig_exit                               0x08000f63   Thumb Code    10  defsig_exit.o(.text)
    __rt_SIGRTMEM_inner                      0x08000f6d   Thumb Code    22  defsig_rtmem_inner.o(.text)
    strcmp                                   0x08000fbd   Thumb Code   128  strcmpv7m.o(.text)
    _sys_exit                                0x0800103d   Thumb Code     8  sys_exit.o(.text)
    _btod_etento                             0x08001049   Thumb Code   224  bigflt0.o(.text)
    __default_signal_display                 0x0800112d   Thumb Code    50  defsig_general.o(.text)
    _ttywrch                                 0x0800115f   Thumb Code    14  sys_wrch.o(.text)
    _scanf_really_hex_real                   0x0800116d   Thumb Code   786  scanf_hexfp.o(.text)
    _scanf_really_infnan                     0x0800148d   Thumb Code   292  scanf_infnan.o(.text)
    __aeabi_llsl                             0x080015c1   Thumb Code     0  llshl.o(.text)
    _ll_shift_l                              0x080015c1   Thumb Code    38  llshl.o(.text)
    __btod_div_common                        0x080015e7   Thumb Code   696  btod.o(CL$$btod_div_common)
    _e2d                                     0x08001921   Thumb Code   122  btod.o(CL$$btod_e2d)
    _e2e                                     0x080019a5   Thumb Code   220  btod.o(CL$$btod_e2e)
    _btod_ediv                               0x08001a81   Thumb Code    42  btod.o(CL$$btod_ediv)
    _btod_edivd                              0x08001aab   Thumb Code    42  btod.o(CL$$btod_edivd)
    _btod_emul                               0x08001ad5   Thumb Code    42  btod.o(CL$$btod_emul)
    _btod_emuld                              0x08001aff   Thumb Code    42  btod.o(CL$$btod_emuld)
    __btod_mult_common                       0x08001b29   Thumb Code   580  btod.o(CL$$btod_mult_common)
    AverageAndSaveValues                     0x08001ec9   Thumb Code   216  main.o(i.AverageAndSaveValues)
    CheckGsmAns                              0x08001fad   Thumb Code   116  main.o(i.CheckGsmAns)
    ClearUart2                               0x08002035   Thumb Code    20  main.o(i.ClearUart2)
    ClearUart3                               0x08002051   Thumb Code    20  main.o(i.ClearUart3)
    CompileAndSendRequest                    0x0800206d   Thumb Code   250  main.o(i.CompileAndSendRequest)
    Countup                                  0x080021c9   Thumb Code    36  main.o(i.Countup)
    FastWait                                 0x080021f5   Thumb Code    60  main.o(i.FastWait)
    GetAverage                               0x08002235   Thumb Code    38  main.o(i.GetAverage)
    GetClearArraySize                        0x0800225b   Thumb Code    28  main.o(i.GetClearArraySize)
    GetLicenseStatus                         0x08002279   Thumb Code   128  main.o(i.GetLicenseStatus)
    GetMediana                               0x080023b5   Thumb Code    32  main.o(i.GetMediana)
    GetMyID                                  0x080023d5   Thumb Code   106  main.o(i.GetMyID)
    GetSize                                  0x0800244d   Thumb Code    24  main.o(i.GetSize)
    GetTemp                                  0x08002465   Thumb Code   158  main.o(i.GetTemp)
    GsmCmd                                   0x08002521   Thumb Code    28  main.o(i.GsmCmd)
    GsmCmdWithStrWaiting                     0x08002541   Thumb Code    62  main.o(i.GsmCmdWithStrWaiting)
    GsmHttpRequest                           0x08002589   Thumb Code    62  main.o(i.GsmHttpRequest)
    GsmTransmit                              0x080025f9   Thumb Code    12  main.o(i.GsmTransmit)
    HAL_ADC_ConfigChannel                    0x08002605   Thumb Code   380  stm32f4xx_hal_adc.o(i.HAL_ADC_ConfigChannel)
    HAL_ADC_GetValue                         0x08002791   Thumb Code     8  stm32f4xx_hal_adc.o(i.HAL_ADC_GetValue)
    HAL_ADC_Init                             0x08002799   Thumb Code   100  stm32f4xx_hal_adc.o(i.HAL_ADC_Init)
    HAL_ADC_MspInit                          0x08002801   Thumb Code     2  stm32f4xx_hal_adc.o(i.HAL_ADC_MspInit)
    HAL_ADC_PollForConversion                0x08002803   Thumb Code   186  stm32f4xx_hal_adc.o(i.HAL_ADC_PollForConversion)
    HAL_ADC_Start                            0x080028bd   Thumb Code   238  stm32f4xx_hal_adc.o(i.HAL_ADC_Start)
    HAL_Delay                                0x080029bd   Thumb Code    36  stm32f4xx_hal.o(i.HAL_Delay)
    HAL_GPIO_Init                            0x080029e5   Thumb Code   466  stm32f4xx_hal_gpio.o(i.HAL_GPIO_Init)
    HAL_GPIO_TogglePin                       0x08002be5   Thumb Code     8  stm32f4xx_hal_gpio.o(i.HAL_GPIO_TogglePin)
    HAL_GPIO_WritePin                        0x08002bed   Thumb Code    12  stm32f4xx_hal_gpio.o(i.HAL_GPIO_WritePin)
    HAL_GetTick                              0x08002bf9   Thumb Code     6  stm32f4xx_hal.o(i.HAL_GetTick)
    HAL_IncTick                              0x08002c05   Thumb Code    16  stm32f4xx_hal.o(i.HAL_IncTick)
    HAL_Init                                 0x08002c1d   Thumb Code    54  stm32f4xx_hal.o(i.HAL_Init)
    HAL_InitTick                             0x08002c59   Thumb Code    64  stm32f4xx_hal.o(i.HAL_InitTick)
    HAL_MspInit                              0x08002ca5   Thumb Code     2  stm32f4xx_hal.o(i.HAL_MspInit)
    HAL_NVIC_EnableIRQ                       0x08002ca7   Thumb Code    32  stm32f4xx_hal_cortex.o(i.HAL_NVIC_EnableIRQ)
    HAL_NVIC_SetPriority                     0x08002cc7   Thumb Code   124  stm32f4xx_hal_cortex.o(i.HAL_NVIC_SetPriority)
    HAL_NVIC_SetPriorityGrouping             0x08002d45   Thumb Code    32  stm32f4xx_hal_cortex.o(i.HAL_NVIC_SetPriorityGrouping)
    HAL_NVIC_SystemReset                     0x08002d6d   Thumb Code    60  stm32f4xx_hal_cortex.o(i.HAL_NVIC_SystemReset)
    HAL_RCC_GetHCLKFreq                      0x08002db1   Thumb Code     6  stm32f4xx_hal_rcc.o(i.HAL_RCC_GetHCLKFreq)
    HAL_RCC_GetPCLK1Freq                     0x08002dbd   Thumb Code    22  stm32f4xx_hal_rcc.o(i.HAL_RCC_GetPCLK1Freq)
    HAL_RCC_GetPCLK2Freq                     0x08002ddd   Thumb Code    22  stm32f4xx_hal_rcc.o(i.HAL_RCC_GetPCLK2Freq)
    HAL_SYSTICK_Callback                     0x08002dfd   Thumb Code     2  stm32f4xx_hal_cortex.o(i.HAL_SYSTICK_Callback)
    HAL_SYSTICK_Config                       0x08002dff   Thumb Code    52  stm32f4xx_hal_cortex.o(i.HAL_SYSTICK_Config)
    HAL_SYSTICK_IRQHandler                   0x08002e33   Thumb Code     8  stm32f4xx_hal_cortex.o(i.HAL_SYSTICK_IRQHandler)
    HAL_UART_Init                            0x08002e3b   Thumb Code   114  stm32f4xx_hal_uart.o(i.HAL_UART_Init)
    HAL_UART_MspInit                         0x08002ead   Thumb Code     2  stm32f4xx_hal_uart.o(i.HAL_UART_MspInit)
    Im_Deinit_Gsm                            0x08002eb1   Thumb Code    22  main.o(i.Im_Deinit_Gsm)
    Im_Init_GPIO                             0x08002ecd   Thumb Code   142  main.o(i.Im_Init_GPIO)
    Im_Init_GPRS                             0x08002f69   Thumb Code   292  main.o(i.Im_Init_GPRS)
    Im_Init_GasSensor                        0x08003141   Thumb Code   194  main.o(i.Im_Init_GasSensor)
    Im_Init_Gsm                              0x08003215   Thumb Code    40  main.o(i.Im_Init_Gsm)
    Im_Init_UART                             0x08003241   Thumb Code   310  main.o(i.Im_Init_UART)
    IndexOf                                  0x08003395   Thumb Code    42  main.o(i.IndexOf)
    SaveDataFromSensor                       0x080033c1   Thumb Code    86  main.o(i.SaveDataFromSensor)
    SendDataFromMemory                       0x08003425   Thumb Code    42  main.o(i.SendDataFromMemory)
    ShowError                                0x08003455   Thumb Code    82  main.o(i.ShowError)
    SysTick_Handler                          0x080034b1   Thumb Code    16  main.o(i.SysTick_Handler)
    SystemInit                               0x080034c1   Thumb Code    82  system_stm32f4xx.o(i.SystemInit)
    TcpConnectClose                          0x08003525   Thumb Code    72  main.o(i.TcpConnectClose)
    TcpConnectOpen                           0x0800359d   Thumb Code    70  main.o(i.TcpConnectOpen)
    USART2_IRQHandler                        0x0800399d   Thumb Code    88  main.o(i.USART2_IRQHandler)
    USART3_IRQHandler                        0x08003a05   Thumb Code    88  main.o(i.USART3_IRQHandler)
    Uart2RxStrWaiting                        0x08003a6d   Thumb Code    58  main.o(i.Uart2RxStrWaiting)
    Uart3RxStrWaiting                        0x08003ab5   Thumb Code    58  main.o(i.Uart3RxStrWaiting)
    UpdateTimestaps                          0x08003afd   Thumb Code   218  main.o(i.UpdateTimestaps)
    Wait                                     0x08003c51   Thumb Code    58  main.o(i.Wait)
    WriteToBuffer                            0x08003c91   Thumb Code   128  main.o(i.WriteToBuffer)
    WriteToMemory                            0x08003d1d   Thumb Code   138  main.o(i.WriteToMemory)
    __hardfp___mathlib_tofloat               0x08003df1   Thumb Code   232  narrow.o(i.__hardfp___mathlib_tofloat)
    __hardfp_atof                            0x08003ee9   Thumb Code    44  atof.o(i.__hardfp_atof)
    __hardfp_ldexp                           0x08003f21   Thumb Code   200  ldexp.o(i.__hardfp_ldexp)
    __mathlib_dbl_overflow                   0x08003ff1   Thumb Code    24  dunder.o(i.__mathlib_dbl_overflow)
    __mathlib_dbl_underflow                  0x08004011   Thumb Code    24  dunder.o(i.__mathlib_dbl_underflow)
    __mathlib_narrow                         0x08004031   Thumb Code    18  narrow.o(i.__mathlib_narrow)
    __support_ldexp                          0x08004043   Thumb Code    20  ldexp.o(i.__support_ldexp)
    _is_digit                                0x08004057   Thumb Code    14  __printf_wp.o(i._is_digit)
    frexp                                    0x08004069   Thumb Code   118  frexp.o(i.frexp)
    loop                                     0x080040f5   Thumb Code   188  main.o(i.loop)
    main                                     0x080041cd   Thumb Code    12  main.o(i.main)
    send_str                                 0x080041d9   Thumb Code    38  main.o(i.send_str)
    send_to_uart                             0x08004201   Thumb Code    46  main.o(i.send_to_uart)
    setup                                    0x08004239   Thumb Code    62  main.o(i.setup)
    _get_lc_numeric                          0x08004285   Thumb Code    44  lc_numeric_c.o(locale$$code)
    _get_lc_ctype                            0x080042b1   Thumb Code    44  lc_ctype_c.o(locale$$code)
    __aeabi_d2f                              0x080042dd   Thumb Code     0  d2f.o(x$fpl$d2f)
    _d2f                                     0x080042dd   Thumb Code    98  d2f.o(x$fpl$d2f)
    __fpl_dcheck_NaN1                        0x08004341   Thumb Code    10  dcheck1.o(x$fpl$dcheck1)
    __fpl_dcmp_Inf                           0x08004351   Thumb Code    24  dcmpi.o(x$fpl$dcmpinf)
    __aeabi_cdcmpeq                          0x08004369   Thumb Code     0  deqf.o(x$fpl$deqf)
    _dcmpeq                                  0x08004369   Thumb Code   120  deqf.o(x$fpl$deqf)
    __aeabi_d2iz                             0x080043e1   Thumb Code     0  dfix.o(x$fpl$dfix)
    _dfix                                    0x080043e1   Thumb Code    94  dfix.o(x$fpl$dfix)
    __aeabi_cdcmple                          0x08004441   Thumb Code     0  dleqf.o(x$fpl$dleqf)
    _dcmple                                  0x08004441   Thumb Code   120  dleqf.o(x$fpl$dleqf)
    __fpl_dcmple_InfNaN                      0x080044a3   Thumb Code     0  dleqf.o(x$fpl$dleqf)
    __aeabi_dmul                             0x080044b9   Thumb Code     0  dmul.o(x$fpl$dmul)
    _dmul                                    0x080044b9   Thumb Code   332  dmul.o(x$fpl$dmul)
    __fpl_dnaninf                            0x0800460d   Thumb Code   156  dnaninf.o(x$fpl$dnaninf)
    __fpl_dretinf                            0x080046a9   Thumb Code    12  dretinf.o(x$fpl$dretinf)
    __aeabi_cdrcmple                         0x080046b5   Thumb Code     0  drleqf.o(x$fpl$drleqf)
    _drcmple                                 0x080046b5   Thumb Code   108  drleqf.o(x$fpl$drleqf)
    _fp_init                                 0x08004721   Thumb Code    10  fpinit.o(x$fpl$fpinit)
    __fplib_config_fpu_vfp                   0x08004729   Thumb Code     0  fpinit.o(x$fpl$fpinit)
    __fplib_config_pureend_doubles           0x08004729   Thumb Code     0  fpinit.o(x$fpl$fpinit)
    __fpl_fretinf                            0x0800472b   Thumb Code    10  fretinf.o(x$fpl$fretinf)
    __ieee_status                            0x08004735   Thumb Code     6  istatus.o(x$fpl$ieeestatus)
    __fpl_return_NaN                         0x0800473b   Thumb Code   100  retnan.o(x$fpl$retnan)
    __ARM_scalbn                             0x0800479f   Thumb Code    92  scalbn.o(x$fpl$scalbn)
    _scanf_real                              0x080047fb   Thumb Code     4  scanf1.o(x$fpl$scanf1)
    _scanf_hex_real                          0x080047ff   Thumb Code     4  scanf2.o(x$fpl$scanf2)
    _scanf_infnan                            0x08004803   Thumb Code     4  scanf2.o(x$fpl$scanf2)
    __fpl_cmpreturn                          0x08004807   Thumb Code    48  trapv.o(x$fpl$trapveneer)
    AHBPrescTable                            0x08004836   Data          16  system_stm32f4xx.o(.constdata)
    __I$use$fp                               0x08004836   Number         0  usenofp.o(x$fpl$usenofp)
    APBPrescTable                            0x08004846   Data           8  system_stm32f4xx.o(.constdata)
    Region$$Table$$Base                      0x080048e4   Number         0  anon$$obj.o(Region$$Table)
    Region$$Table$$Limit                     0x08004904   Number         0  anon$$obj.o(Region$$Table)
    __aeabi_HUGE_VAL                         0x08004904   Data           0  fpconst.o(c$$dinf)
    __aeabi_HUGE_VALL                        0x08004904   Data           0  fpconst.o(c$$dinf)
    __aeabi_INFINITY                         0x08004904   Data           0  fpconst.o(c$$dinf)
    __dInf                                   0x08004904   Data           0  fpconst.o(c$$dinf)
    __huge_val                               0x08004904   Data           0  fpconst.o(c$$dinf)
    __dbl_max                                0x0800490c   Data           0  fpconst.o(c$$dmax)
    __ctype                                  0x0800493d   Data           0  lc_ctype_c.o(locale$$data)
    uart2_buffer_fill                        0x20000000   Data           4  main.o(.data)
    uart3_buffer_fill                        0x20000004   Data           4  main.o(.data)
    license                                  0x20000008   Data           4  main.o(.data)
    needGsmReboot                            0x2000000c   Data           4  main.o(.data)
    milliseconds                             0x20000010   Data           4  main.o(.data)
    timestamps                               0x20000014   Data           4  main.o(.data)
    last_update                              0x20000018   Data           4  main.o(.data)
    last_datasend                            0x2000001c   Data           4  main.o(.data)
    last_datasave                            0x20000020   Data           4  main.o(.data)
    memory_size                              0x20000024   Data           4  main.o(.data)
    buffer_size                              0x20000028   Data           4  main.o(.data)
    uwTick                                   0x2000002c   Data           4  stm32f4xx_hal.o(.data)
    uwTickPrio                               0x20000030   Data           4  stm32f4xx_hal.o(.data)
    uwTickFreq                               0x20000034   Data           1  stm32f4xx_hal.o(.data)
    SystemCoreClock                          0x20000038   Data           4  system_stm32f4xx.o(.data)
    uart2RxBuffer                            0x2000003c   Data        1024  main.o(.bss)
    uart3RxBuffer                            0x2000047c   Data        1024  main.o(.bss)
    g_AdcHandle_gas                          0x200008bc   Data          72  main.o(.bss)
    g_AdcHandle_temp                         0x20000904   Data          72  main.o(.bss)
    str_myid                                 0x2000094c   Data         512  main.o(.bss)
    memory                                   0x20000b4c   Data       118800  main.o(.bss)
    buffer                                   0x2001db5c   Data        2200  main.o(.bss)
    __libspace_start                         0x2001e3f4   Data          96  libspace.o(.bss)
    __temporary_stack_top$libspace           0x2001e454   Data           0  libspace.o(.bss)



==============================================================================

Memory Map of the image

  Image Entry point : 0x0800025d

  Load Region LR_1 (Base: 0x08000000, Size: 0x00004a7c, Max: 0xffffffff, ABSOLUTE)

    Execution Region ER_RO (Exec base: 0x08000000, Load base: 0x08000000, Size: 0x00004a40, Max: 0xffffffff, ABSOLUTE)

    Exec Addr    Load Addr    Size         Type   Attr      Idx    E Section Name        Object

    0x08000000   0x08000000   0x00000188   Data   RO         2202    RESET               startup_stm32f407xx.o
    0x08000188   0x08000188   0x00000008   Code   RO         2355  * !!!main             c_w.l(__main.o)
    0x08000190   0x08000190   0x00000034   Code   RO         2750    !!!scatter          c_w.l(__scatter.o)
    0x080001c4   0x080001c4   0x0000001a   Code   RO         2752    !!handler_copy      c_w.l(__scatter_copy.o)
    0x080001de   0x080001de   0x00000002   PAD
    0x080001e0   0x080001e0   0x0000001c   Code   RO         2754    !!handler_zi        c_w.l(__scatter_zi.o)
    0x080001fc   0x080001fc   0x00000000   Code   RO         2340    .ARM.Collect$$_printf_percent$$00000000  c_w.l(_printf_percent.o)
    0x080001fc   0x080001fc   0x00000006   Code   RO         2338    .ARM.Collect$$_printf_percent$$00000009  c_w.l(_printf_d.o)
    0x08000202   0x08000202   0x00000006   Code   RO         2339    .ARM.Collect$$_printf_percent$$0000000A  c_w.l(_printf_u.o)
    0x08000208   0x08000208   0x00000004   Code   RO         2414    .ARM.Collect$$_printf_percent$$00000017  c_w.l(_printf_percent_end.o)
    0x0800020c   0x0800020c   0x00000002   Code   RO         2571    .ARM.Collect$$libinit$$00000000  c_w.l(libinit.o)
    0x0800020e   0x0800020e   0x00000004   Code   RO         2423    .ARM.Collect$$libinit$$00000001  c_w.l(libinit2.o)
    0x08000212   0x08000212   0x00000000   Code   RO         2426    .ARM.Collect$$libinit$$00000004  c_w.l(libinit2.o)
    0x08000212   0x08000212   0x00000008   Code   RO         2427    .ARM.Collect$$libinit$$00000005  c_w.l(libinit2.o)
    0x0800021a   0x0800021a   0x00000000   Code   RO         2429    .ARM.Collect$$libinit$$0000000A  c_w.l(libinit2.o)
    0x0800021a   0x0800021a   0x00000000   Code   RO         2431    .ARM.Collect$$libinit$$0000000C  c_w.l(libinit2.o)
    0x0800021a   0x0800021a   0x00000000   Code   RO         2433    .ARM.Collect$$libinit$$0000000E  c_w.l(libinit2.o)
    0x0800021a   0x0800021a   0x00000006   Code   RO         2434    .ARM.Collect$$libinit$$0000000F  c_w.l(libinit2.o)
    0x08000220   0x08000220   0x00000000   Code   RO         2436    .ARM.Collect$$libinit$$00000011  c_w.l(libinit2.o)
    0x08000220   0x08000220   0x0000000c   Code   RO         2437    .ARM.Collect$$libinit$$00000012  c_w.l(libinit2.o)
    0x0800022c   0x0800022c   0x00000000   Code   RO         2438    .ARM.Collect$$libinit$$00000013  c_w.l(libinit2.o)
    0x0800022c   0x0800022c   0x00000000   Code   RO         2440    .ARM.Collect$$libinit$$00000015  c_w.l(libinit2.o)
    0x0800022c   0x0800022c   0x0000000a   Code   RO         2441    .ARM.Collect$$libinit$$00000016  c_w.l(libinit2.o)
    0x08000236   0x08000236   0x00000000   Code   RO         2442    .ARM.Collect$$libinit$$00000017  c_w.l(libinit2.o)
    0x08000236   0x08000236   0x00000000   Code   RO         2444    .ARM.Collect$$libinit$$00000019  c_w.l(libinit2.o)
    0x08000236   0x08000236   0x00000000   Code   RO         2446    .ARM.Collect$$libinit$$0000001B  c_w.l(libinit2.o)
    0x08000236   0x08000236   0x00000000   Code   RO         2448    .ARM.Collect$$libinit$$0000001D  c_w.l(libinit2.o)
    0x08000236   0x08000236   0x00000000   Code   RO         2450    .ARM.Collect$$libinit$$0000001F  c_w.l(libinit2.o)
    0x08000236   0x08000236   0x00000000   Code   RO         2452    .ARM.Collect$$libinit$$00000021  c_w.l(libinit2.o)
    0x08000236   0x08000236   0x00000000   Code   RO         2454    .ARM.Collect$$libinit$$00000023  c_w.l(libinit2.o)
    0x08000236   0x08000236   0x00000000   Code   RO         2456    .ARM.Collect$$libinit$$00000025  c_w.l(libinit2.o)
    0x08000236   0x08000236   0x00000000   Code   RO         2460    .ARM.Collect$$libinit$$0000002C  c_w.l(libinit2.o)
    0x08000236   0x08000236   0x00000000   Code   RO         2462    .ARM.Collect$$libinit$$0000002E  c_w.l(libinit2.o)
    0x08000236   0x08000236   0x00000000   Code   RO         2464    .ARM.Collect$$libinit$$00000030  c_w.l(libinit2.o)
    0x08000236   0x08000236   0x00000000   Code   RO         2466    .ARM.Collect$$libinit$$00000032  c_w.l(libinit2.o)
    0x08000236   0x08000236   0x00000002   Code   RO         2467    .ARM.Collect$$libinit$$00000033  c_w.l(libinit2.o)
    0x08000238   0x08000238   0x00000002   Code   RO         2692    .ARM.Collect$$libshutdown$$00000000  c_w.l(libshutdown.o)
    0x0800023a   0x0800023a   0x00000000   Code   RO         2612    .ARM.Collect$$libshutdown$$00000002  c_w.l(libshutdown2.o)
    0x0800023a   0x0800023a   0x00000000   Code   RO         2614    .ARM.Collect$$libshutdown$$00000004  c_w.l(libshutdown2.o)
    0x0800023a   0x0800023a   0x00000000   Code   RO         2617    .ARM.Collect$$libshutdown$$00000007  c_w.l(libshutdown2.o)
    0x0800023a   0x0800023a   0x00000000   Code   RO         2620    .ARM.Collect$$libshutdown$$0000000A  c_w.l(libshutdown2.o)
    0x0800023a   0x0800023a   0x00000000   Code   RO         2622    .ARM.Collect$$libshutdown$$0000000C  c_w.l(libshutdown2.o)
    0x0800023a   0x0800023a   0x00000000   Code   RO         2625    .ARM.Collect$$libshutdown$$0000000F  c_w.l(libshutdown2.o)
    0x0800023a   0x0800023a   0x00000002   Code   RO         2626    .ARM.Collect$$libshutdown$$00000010  c_w.l(libshutdown2.o)
    0x0800023c   0x0800023c   0x00000000   Code   RO         2371    .ARM.Collect$$rtentry$$00000000  c_w.l(__rtentry.o)
    0x0800023c   0x0800023c   0x00000000   Code   RO         2479    .ARM.Collect$$rtentry$$00000002  c_w.l(__rtentry2.o)
    0x0800023c   0x0800023c   0x00000006   Code   RO         2491    .ARM.Collect$$rtentry$$00000004  c_w.l(__rtentry4.o)
    0x08000242   0x08000242   0x00000000   Code   RO         2481    .ARM.Collect$$rtentry$$00000009  c_w.l(__rtentry2.o)
    0x08000242   0x08000242   0x00000004   Code   RO         2482    .ARM.Collect$$rtentry$$0000000A  c_w.l(__rtentry2.o)
    0x08000246   0x08000246   0x00000000   Code   RO         2484    .ARM.Collect$$rtentry$$0000000C  c_w.l(__rtentry2.o)
    0x08000246   0x08000246   0x00000008   Code   RO         2485    .ARM.Collect$$rtentry$$0000000D  c_w.l(__rtentry2.o)
    0x0800024e   0x0800024e   0x00000002   Code   RO         2574    .ARM.Collect$$rtexit$$00000000  c_w.l(rtexit.o)
    0x08000250   0x08000250   0x00000000   Code   RO         2650    .ARM.Collect$$rtexit$$00000002  c_w.l(rtexit2.o)
    0x08000250   0x08000250   0x00000004   Code   RO         2651    .ARM.Collect$$rtexit$$00000003  c_w.l(rtexit2.o)
    0x08000254   0x08000254   0x00000006   Code   RO         2652    .ARM.Collect$$rtexit$$00000004  c_w.l(rtexit2.o)
    0x0800025a   0x0800025a   0x00000002   PAD
    0x0800025c   0x0800025c   0x00000000   Code   RO         2499    .emb_text           c_w.l(maybetermalloc1.o)
    0x0800025c   0x0800025c   0x00000040   Code   RO         2203  * .text               startup_stm32f407xx.o
    0x0800029c   0x0800029c   0x0000005e   Code   RO         2250    .text               c_w.l(h1_alloc.o)
    0x080002fa   0x080002fa   0x0000004e   Code   RO         2252    .text               c_w.l(h1_free.o)
    0x08000348   0x08000348   0x00000028   Code   RO         2312    .text               c_w.l(noretval__2sprintf.o)
    0x08000370   0x08000370   0x00000078   Code   RO         2316    .text               c_w.l(_printf_dec.o)
    0x080003e8   0x080003e8   0x000000b8   Code   RO         2321    .text               c_w.l(__printf_ss.o)
    0x080004a0   0x080004a0   0x0000001a   Code   RO         2341    .text               c_w.l(atoi.o)
    0x080004ba   0x080004ba   0x00000024   Code   RO         2343    .text               c_w.l(strstr.o)
    0x080004de   0x080004de   0x00000048   Code   RO         2345    .text               c_w.l(strcpy.o)
    0x08000526   0x08000526   0x00000018   Code   RO         2347    .text               c_w.l(strcat.o)
    0x0800053e   0x0800053e   0x00000044   Code   RO         2349    .text               c_w.l(rt_memclr.o)
    0x08000582   0x08000582   0x0000004e   Code   RO         2351    .text               c_w.l(rt_memclr_w.o)
    0x080005d0   0x080005d0   0x00000006   Code   RO         2353    .text               c_w.l(heapauxi.o)
    0x080005d6   0x080005d6   0x00000002   PAD
    0x080005d8   0x080005d8   0x00000008   Code   RO         2379    .text               c_w.l(rt_heap_descriptor_intlibspace.o)
    0x080005e0   0x080005e0   0x00000008   Code   RO         2384    .text               c_w.l(rt_errno_addr_intlibspace.o)
    0x080005e8   0x080005e8   0x00000004   Code   RO         2386    .text               c_w.l(hguard.o)
    0x080005ec   0x080005ec   0x0000008a   Code   RO         2388    .text               c_w.l(init_alloc.o)
    0x08000676   0x08000676   0x0000000e   Code   RO         2392    .text               c_w.l(h1_init.o)
    0x08000684   0x08000684   0x00000016   Code   RO         2406    .text               c_w.l(_rserrno.o)
    0x0800069a   0x0800069a   0x000000b2   Code   RO         2408    .text               c_w.l(_printf_intcommon.o)
    0x0800074c   0x0800074c   0x00000030   Code   RO         2410    .text               c_w.l(_printf_char_common.o)
    0x0800077c   0x0800077c   0x0000000a   Code   RO         2412    .text               c_w.l(_sputc.o)
    0x08000786   0x08000786   0x00000002   PAD
    0x08000788   0x08000788   0x000000a4   Code   RO         2415    .text               c_w.l(strtod.o)
    0x0800082c   0x0800082c   0x00000070   Code   RO         2417    .text               c_w.l(strtol.o)
    0x0800089c   0x0800089c   0x00000008   Code   RO         2475    .text               c_w.l(libspace.o)
    0x080008a4   0x080008a4   0x00000010   Code   RO         2493    .text               c_w.l(rt_ctype_table.o)
    0x080008b4   0x080008b4   0x00000034   Code   RO         2501    .text               c_w.l(h1_extend.o)
    0x080008e8   0x080008e8   0x00000012   Code   RO         2505    .text               c_w.l(isspace.o)
    0x080008fa   0x080008fa   0x00000040   Code   RO         2509    .text               c_w.l(_sgetc.o)
    0x0800093a   0x0800093a   0x0000009e   Code   RO         2511    .text               c_w.l(_strtoul.o)
    0x080009d8   0x080009d8   0x0000000e   Code   RO         2516    .text               c_w.l(defsig_rtmem_outer.o)
    0x080009e6   0x080009e6   0x00000002   Code   RO         2529    .text               c_w.l(use_no_semi.o)
    0x080009e8   0x080009e8   0x00000000   Code   RO         2531    .text               c_w.l(indicate_semi.o)
    0x080009e8   0x080009e8   0x0000004a   Code   RO         2532    .text               c_w.l(sys_stackheap_outer.o)
    0x08000a32   0x08000a32   0x00000002   PAD
    0x08000a34   0x08000a34   0x00000008   Code   RO         2539    .text               c_w.l(rt_locale_intlibspace.o)
    0x08000a3c   0x08000a3c   0x0000001c   Code   RO         2543    .text               c_w.l(_chval.o)
    0x08000a58   0x08000a58   0x000004f8   Code   RO         2545    .text               c_w.l(scanf_fp.o)
    0x08000f50   0x08000f50   0x00000012   Code   RO         2550    .text               c_w.l(exit.o)
    0x08000f62   0x08000f62   0x0000000a   Code   RO         2552    .text               c_w.l(defsig_exit.o)
    0x08000f6c   0x08000f6c   0x00000050   Code   RO         2558    .text               c_w.l(defsig_rtmem_inner.o)
    0x08000fbc   0x08000fbc   0x00000080   Code   RO         2560    .text               c_w.l(strcmpv7m.o)
    0x0800103c   0x0800103c   0x0000000c   Code   RO         2572    .text               c_w.l(sys_exit.o)
    0x08001048   0x08001048   0x000000e4   Code   RO         2580    .text               c_w.l(bigflt0.o)
    0x0800112c   0x0800112c   0x00000032   Code   RO         2607    .text               c_w.l(defsig_general.o)
    0x0800115e   0x0800115e   0x0000000e   Code   RO         2647    .text               c_w.l(sys_wrch.o)
    0x0800116c   0x0800116c   0x00000320   Code   RO         2656    .text               c_w.l(scanf_hexfp.o)
    0x0800148c   0x0800148c   0x00000134   Code   RO         2658    .text               c_w.l(scanf_infnan.o)
    0x080015c0   0x080015c0   0x00000026   Code   RO         2674    .text               c_w.l(llshl.o)
    0x080015e6   0x080015e6   0x00000338   Code   RO         2593    CL$$btod_div_common  c_w.l(btod.o)
    0x0800191e   0x0800191e   0x00000002   PAD
    0x08001920   0x08001920   0x00000084   Code   RO         2591    CL$$btod_e2d        c_w.l(btod.o)
    0x080019a4   0x080019a4   0x000000dc   Code   RO         2590    CL$$btod_e2e        c_w.l(btod.o)
    0x08001a80   0x08001a80   0x0000002a   Code   RO         2587    CL$$btod_ediv       c_w.l(btod.o)
    0x08001aaa   0x08001aaa   0x0000002a   Code   RO         2589    CL$$btod_edivd      c_w.l(btod.o)
    0x08001ad4   0x08001ad4   0x0000002a   Code   RO         2586    CL$$btod_emul       c_w.l(btod.o)
    0x08001afe   0x08001afe   0x0000002a   Code   RO         2588    CL$$btod_emuld      c_w.l(btod.o)
    0x08001b28   0x08001b28   0x00000244   Code   RO         2592    CL$$btod_mult_common  c_w.l(btod.o)
    0x08001d6c   0x08001d6c   0x0000015c   Code   RO          603    i.ADC_Init          stm32f4xx_hal_adc.o
    0x08001ec8   0x08001ec8   0x000000e4   Code   RO            4    i.AverageAndSaveValues  main.o
    0x08001fac   0x08001fac   0x00000088   Code   RO            5    i.CheckGsmAns       main.o
    0x08002034   0x08002034   0x0000001c   Code   RO            6    i.ClearUart2        main.o
    0x08002050   0x08002050   0x0000001c   Code   RO            7    i.ClearUart3        main.o
    0x0800206c   0x0800206c   0x0000015c   Code   RO            8    i.CompileAndSendRequest  main.o
    0x080021c8   0x080021c8   0x0000002c   Code   RO            9    i.Countup           main.o
    0x080021f4   0x080021f4   0x00000040   Code   RO           10    i.FastWait          main.o
    0x08002234   0x08002234   0x00000026   Code   RO           11    i.GetAverage        main.o
    0x0800225a   0x0800225a   0x0000001c   Code   RO           12    i.GetClearArraySize  main.o
    0x08002276   0x08002276   0x00000002   PAD
    0x08002278   0x08002278   0x0000013c   Code   RO           13    i.GetLicenseStatus  main.o
    0x080023b4   0x080023b4   0x00000020   Code   RO           14    i.GetMediana        main.o
    0x080023d4   0x080023d4   0x00000078   Code   RO           15    i.GetMyID           main.o
    0x0800244c   0x0800244c   0x00000018   Code   RO           16    i.GetSize           main.o
    0x08002464   0x08002464   0x000000bc   Code   RO           17    i.GetTemp           main.o
    0x08002520   0x08002520   0x00000020   Code   RO           18    i.GsmCmd            main.o
    0x08002540   0x08002540   0x00000048   Code   RO           19    i.GsmCmdWithStrWaiting  main.o
    0x08002588   0x08002588   0x00000070   Code   RO           20    i.GsmHttpRequest    main.o
    0x080025f8   0x080025f8   0x0000000c   Code   RO           21    i.GsmTransmit       main.o
    0x08002604   0x08002604   0x0000018c   Code   RO          605    i.HAL_ADC_ConfigChannel  stm32f4xx_hal_adc.o
    0x08002790   0x08002790   0x00000008   Code   RO          612    i.HAL_ADC_GetValue  stm32f4xx_hal_adc.o
    0x08002798   0x08002798   0x00000068   Code   RO          614    i.HAL_ADC_Init      stm32f4xx_hal_adc.o
    0x08002800   0x08002800   0x00000002   Code   RO          617    i.HAL_ADC_MspInit   stm32f4xx_hal_adc.o
    0x08002802   0x08002802   0x000000ba   Code   RO          618    i.HAL_ADC_PollForConversion  stm32f4xx_hal_adc.o
    0x080028bc   0x080028bc   0x00000100   Code   RO          620    i.HAL_ADC_Start     stm32f4xx_hal_adc.o
    0x080029bc   0x080029bc   0x00000028   Code   RO          432    i.HAL_Delay         stm32f4xx_hal.o
    0x080029e4   0x080029e4   0x00000200   Code   RO         1185    i.HAL_GPIO_Init     stm32f4xx_hal_gpio.o
    0x08002be4   0x08002be4   0x00000008   Code   RO         1188    i.HAL_GPIO_TogglePin  stm32f4xx_hal_gpio.o
    0x08002bec   0x08002bec   0x0000000c   Code   RO         1189    i.HAL_GPIO_WritePin  stm32f4xx_hal_gpio.o
    0x08002bf8   0x08002bf8   0x0000000c   Code   RO          438    i.HAL_GetTick       stm32f4xx_hal.o
    0x08002c04   0x08002c04   0x00000018   Code   RO          442    i.HAL_IncTick       stm32f4xx_hal.o
    0x08002c1c   0x08002c1c   0x0000003c   Code   RO          443    i.HAL_Init          stm32f4xx_hal.o
    0x08002c58   0x08002c58   0x0000004c   Code   RO          444    i.HAL_InitTick      stm32f4xx_hal.o
    0x08002ca4   0x08002ca4   0x00000002   Code   RO          446    i.HAL_MspInit       stm32f4xx_hal.o
    0x08002ca6   0x08002ca6   0x00000020   Code   RO          888    i.HAL_NVIC_EnableIRQ  stm32f4xx_hal_cortex.o
    0x08002cc6   0x08002cc6   0x0000007c   Code   RO          894    i.HAL_NVIC_SetPriority  stm32f4xx_hal_cortex.o
    0x08002d42   0x08002d42   0x00000002   PAD
    0x08002d44   0x08002d44   0x00000028   Code   RO          895    i.HAL_NVIC_SetPriorityGrouping  stm32f4xx_hal_cortex.o
    0x08002d6c   0x08002d6c   0x00000044   Code   RO          896    i.HAL_NVIC_SystemReset  stm32f4xx_hal_cortex.o
    0x08002db0   0x08002db0   0x0000000c   Code   RO         1440    i.HAL_RCC_GetHCLKFreq  stm32f4xx_hal_rcc.o
    0x08002dbc   0x08002dbc   0x00000020   Code   RO         1442    i.HAL_RCC_GetPCLK1Freq  stm32f4xx_hal_rcc.o
    0x08002ddc   0x08002ddc   0x00000020   Code   RO         1443    i.HAL_RCC_GetPCLK2Freq  stm32f4xx_hal_rcc.o
    0x08002dfc   0x08002dfc   0x00000002   Code   RO          898    i.HAL_SYSTICK_Callback  stm32f4xx_hal_cortex.o
    0x08002dfe   0x08002dfe   0x00000034   Code   RO          899    i.HAL_SYSTICK_Config  stm32f4xx_hal_cortex.o
    0x08002e32   0x08002e32   0x00000008   Code   RO          900    i.HAL_SYSTICK_IRQHandler  stm32f4xx_hal_cortex.o
    0x08002e3a   0x08002e3a   0x00000072   Code   RO         1623    i.HAL_UART_Init     stm32f4xx_hal_uart.o
    0x08002eac   0x08002eac   0x00000002   Code   RO         1625    i.HAL_UART_MspInit  stm32f4xx_hal_uart.o
    0x08002eae   0x08002eae   0x00000002   PAD
    0x08002eb0   0x08002eb0   0x0000001c   Code   RO           22    i.Im_Deinit_Gsm     main.o
    0x08002ecc   0x08002ecc   0x0000009c   Code   RO           23    i.Im_Init_GPIO      main.o
    0x08002f68   0x08002f68   0x000001d8   Code   RO           24    i.Im_Init_GPRS      main.o
    0x08003140   0x08003140   0x000000d4   Code   RO           25    i.Im_Init_GasSensor  main.o
    0x08003214   0x08003214   0x0000002c   Code   RO           26    i.Im_Init_Gsm       main.o
    0x08003240   0x08003240   0x00000154   Code   RO           28    i.Im_Init_UART      main.o
    0x08003394   0x08003394   0x0000002a   Code   RO           29    i.IndexOf           main.o
    0x080033be   0x080033be   0x00000002   PAD
    0x080033c0   0x080033c0   0x00000064   Code   RO           31    i.SaveDataFromSensor  main.o
    0x08003424   0x08003424   0x00000030   Code   RO           32    i.SendDataFromMemory  main.o
    0x08003454   0x08003454   0x0000005c   Code   RO           33    i.ShowError         main.o
    0x080034b0   0x080034b0   0x00000010   Code   RO           35    i.SysTick_Handler   main.o
    0x080034c0   0x080034c0   0x00000064   Code   RO         2211    i.SystemInit        system_stm32f4xx.o
    0x08003524   0x08003524   0x00000078   Code   RO           36    i.TcpConnectClose   main.o
    0x0800359c   0x0800359c   0x00000098   Code   RO           37    i.TcpConnectOpen    main.o
    0x08003634   0x08003634   0x00000368   Code   RO         1650    i.UART_SetConfig    stm32f4xx_hal_uart.o
    0x0800399c   0x0800399c   0x00000068   Code   RO           38    i.USART2_IRQHandler  main.o
    0x08003a04   0x08003a04   0x00000068   Code   RO           39    i.USART3_IRQHandler  main.o
    0x08003a6c   0x08003a6c   0x00000048   Code   RO           40    i.Uart2RxStrWaiting  main.o
    0x08003ab4   0x08003ab4   0x00000048   Code   RO           41    i.Uart3RxStrWaiting  main.o
    0x08003afc   0x08003afc   0x00000154   Code   RO           42    i.UpdateTimestaps   main.o
    0x08003c50   0x08003c50   0x00000040   Code   RO           43    i.Wait              main.o
    0x08003c90   0x08003c90   0x0000008c   Code   RO           44    i.WriteToBuffer     main.o
    0x08003d1c   0x08003d1c   0x0000009c   Code   RO           45    i.WriteToMemory     main.o
    0x08003db8   0x08003db8   0x00000010   Code   RO          901    i.__NVIC_GetPriorityGrouping  stm32f4xx_hal_cortex.o
    0x08003dc8   0x08003dc8   0x00000028   Code   RO          902    i.__NVIC_SetPriority  stm32f4xx_hal_cortex.o
    0x08003df0   0x08003df0   0x000000f8   Code   RO         2639    i.__hardfp___mathlib_tofloat  m_wm.l(narrow.o)
    0x08003ee8   0x08003ee8   0x00000038   Code   RO         2363    i.__hardfp_atof     m_wm.l(atof.o)
    0x08003f20   0x08003f20   0x000000d0   Code   RO         2699    i.__hardfp_ldexp    m_wm.l(ldexp.o)
    0x08003ff0   0x08003ff0   0x00000020   Code   RO         2721    i.__mathlib_dbl_overflow  m_wm.l(dunder.o)
    0x08004010   0x08004010   0x00000020   Code   RO         2723    i.__mathlib_dbl_underflow  m_wm.l(dunder.o)
    0x08004030   0x08004030   0x00000012   Code   RO         2640    i.__mathlib_narrow  m_wm.l(narrow.o)
    0x08004042   0x08004042   0x00000014   Code   RO         2701    i.__support_ldexp   m_wm.l(ldexp.o)
    0x08004056   0x08004056   0x0000000e   Code   RO         2328    i._is_digit         c_w.l(__printf_wp.o)
    0x08004064   0x08004064   0x00000004   PAD
    0x08004068   0x08004068   0x0000008c   Code   RO         2670    i.frexp             m_wm.l(frexp.o)
    0x080040f4   0x080040f4   0x000000d8   Code   RO           48    i.loop              main.o
    0x080041cc   0x080041cc   0x0000000c   Code   RO           49    i.main              main.o
    0x080041d8   0x080041d8   0x00000026   Code   RO           50    i.send_str          main.o
    0x080041fe   0x080041fe   0x00000002   PAD
    0x08004200   0x08004200   0x00000038   Code   RO           51    i.send_to_uart      main.o
    0x08004238   0x08004238   0x0000004c   Code   RO           52    i.setup             main.o
    0x08004284   0x08004284   0x0000002c   Code   RO         2514    locale$$code        c_w.l(lc_numeric_c.o)
    0x080042b0   0x080042b0   0x0000002c   Code   RO         2548    locale$$code        c_w.l(lc_ctype_c.o)
    0x080042dc   0x080042dc   0x00000062   Code   RO         2662    x$fpl$d2f           fz_wm.l(d2f.o)
    0x0800433e   0x0800433e   0x00000002   PAD
    0x08004340   0x08004340   0x00000010   Code   RO         2738    x$fpl$dcheck1       fz_wm.l(dcheck1.o)
    0x08004350   0x08004350   0x00000018   Code   RO         2693    x$fpl$dcmpinf       fz_wm.l(dcmpi.o)
    0x08004368   0x08004368   0x00000078   Code   RO         2664    x$fpl$deqf          fz_wm.l(deqf.o)
    0x080043e0   0x080043e0   0x0000005e   Code   RO         2357    x$fpl$dfix          fz_wm.l(dfix.o)
    0x0800443e   0x0800443e   0x00000002   PAD
    0x08004440   0x08004440   0x00000078   Code   RO         2695    x$fpl$dleqf         fz_wm.l(dleqf.o)
    0x080044b8   0x080044b8   0x00000154   Code   RO         2361    x$fpl$dmul          fz_wm.l(dmul.o)
    0x0800460c   0x0800460c   0x0000009c   Code   RO         2468    x$fpl$dnaninf       fz_wm.l(dnaninf.o)
    0x080046a8   0x080046a8   0x0000000c   Code   RO         2470    x$fpl$dretinf       fz_wm.l(dretinf.o)
    0x080046b4   0x080046b4   0x0000006c   Code   RO         2666    x$fpl$drleqf        fz_wm.l(drleqf.o)
    0x08004720   0x08004720   0x0000000a   Code   RO         2525    x$fpl$fpinit        fz_wm.l(fpinit.o)
    0x0800472a   0x0800472a   0x0000000a   Code   RO         2697    x$fpl$fretinf       fz_wm.l(fretinf.o)
    0x08004734   0x08004734   0x00000006   Code   RO         2631    x$fpl$ieeestatus    fz_wm.l(istatus.o)
    0x0800473a   0x0800473a   0x00000064   Code   RO         2744    x$fpl$retnan        fz_wm.l(retnan.o)
    0x0800479e   0x0800479e   0x0000005c   Code   RO         2715    x$fpl$scalbn        fz_wm.l(scalbn.o)
    0x080047fa   0x080047fa   0x00000004   Code   RO         2527    x$fpl$scanf1        fz_wm.l(scanf1.o)
    0x080047fe   0x080047fe   0x00000008   Code   RO         2633    x$fpl$scanf2        fz_wm.l(scanf2.o)
    0x08004806   0x08004806   0x00000030   Code   RO         2746    x$fpl$trapveneer    fz_wm.l(trapv.o)
    0x08004836   0x08004836   0x00000000   Code   RO         2472    x$fpl$usenofp       fz_wm.l(usenofp.o)
    0x08004836   0x08004836   0x00000018   Data   RO         2212    .constdata          system_stm32f4xx.o
    0x0800484e   0x0800484e   0x00000002   PAD
    0x08004850   0x08004850   0x00000094   Data   RO         2581    .constdata          c_w.l(bigflt0.o)
    0x080048e4   0x080048e4   0x00000020   Data   RO         2748    Region$$Table       anon$$obj.o
    0x08004904   0x08004904   0x00000008   Data   RO         2627    c$$dinf             fz_wm.l(fpconst.o)
    0x0800490c   0x0800490c   0x00000008   Data   RO         2630    c$$dmax             fz_wm.l(fpconst.o)
    0x08004914   0x08004914   0x0000001c   Data   RO         2513    locale$$data        c_w.l(lc_numeric_c.o)
    0x08004930   0x08004930   0x00000110   Data   RO         2547    locale$$data        c_w.l(lc_ctype_c.o)


    Execution Region ER_RW (Exec base: 0x20000000, Load base: 0x08004a40, Size: 0x0000003c, Max: 0xffffffff, ABSOLUTE)

    Exec Addr    Load Addr    Size         Type   Attr      Idx    E Section Name        Object

    0x20000000   0x08004a40   0x0000002c   Data   RW           54    .data               main.o
    0x2000002c   0x08004a6c   0x00000009   Data   RW          450    .data               stm32f4xx_hal.o
    0x20000035   0x08004a75   0x00000003   PAD
    0x20000038   0x08004a78   0x00000004   Data   RW         2213    .data               system_stm32f4xx.o


    Execution Region ER_ZI (Exec base: 0x2000003c, Load base: 0x08004a7c, Size: 0x0001ea1c, Max: 0xffffffff, ABSOLUTE)

    Exec Addr    Load Addr    Size         Type   Attr      Idx    E Section Name        Object

    0x2000003c        -       0x0001e3b8   Zero   RW           53    .bss                main.o
    0x2001e3f4        -       0x00000060   Zero   RW         2476    .bss                c_w.l(libspace.o)
    0x2001e454   0x08004a7c   0x00000004   PAD
    0x2001e458        -       0x00000200   Zero   RW         2201    HEAP                startup_stm32f407xx.o
    0x2001e658        -       0x00000400   Zero   RW         2200    STACK               startup_stm32f407xx.o


==============================================================================

Image component sizes


      Code (inc. data)   RO Data    RW Data    ZI Data      Debug   Object Name

      5122       1136          0         44     123832     631895   main.o
        64         26        392          0       1536        864   startup_stm32f407xx.o
       214         36          0          9          0       5511   stm32f4xx_hal.o
      1300         46          0          0          0       6132   stm32f4xx_hal_adc.o
       382         30          0          0          0      36334   stm32f4xx_hal_cortex.o
       532         46          0          0          0       3249   stm32f4xx_hal_gpio.o
        76         26          0          0          0       1844   stm32f4xx_hal_rcc.o
       988          8          0          0          0       2723   stm32f4xx_hal_uart.o
       100         18         24          4          0       1475   system_stm32f4xx.o

    ----------------------------------------------------------------------
      8788       1372        450         60     125368     690027   Object Totals
         0          0         32          0          0          0   (incl. Generated)
        10          0          2          3          0          0   (incl. Padding)

    ----------------------------------------------------------------------

      Code (inc. data)   RO Data    RW Data    ZI Data      Debug   Library Member Name

         8          0          0          0          0         68   __main.o
       184          0          0          0          0         84   __printf_ss.o
        14          0          0          0          0         68   __printf_wp.o
         0          0          0          0          0          0   __rtentry.o
        12          0          0          0          0          0   __rtentry2.o
         6          0          0          0          0          0   __rtentry4.o
        52          8          0          0          0          0   __scatter.o
        26          0          0          0          0          0   __scatter_copy.o
        28          0          0          0          0          0   __scatter_zi.o
        28          0          0          0          0         68   _chval.o
        48          6          0          0          0         96   _printf_char_common.o
         6          0          0          0          0          0   _printf_d.o
       120         16          0          0          0         92   _printf_dec.o
       178          0          0          0          0         88   _printf_intcommon.o
         0          0          0          0          0          0   _printf_percent.o
         4          0          0          0          0          0   _printf_percent_end.o
         6          0          0          0          0          0   _printf_u.o
        22          0          0          0          0        100   _rserrno.o
        64          0          0          0          0         84   _sgetc.o
        10          0          0          0          0         68   _sputc.o
       158          0          0          0          0         92   _strtoul.o
        26          0          0          0          0         80   atoi.o
       228          4        148          0          0         96   bigflt0.o
      1924        136          0          0          0        756   btod.o
        10          0          0          0          0         68   defsig_exit.o
        50          0          0          0          0         88   defsig_general.o
        80         58          0          0          0         76   defsig_rtmem_inner.o
        14          0          0          0          0         80   defsig_rtmem_outer.o
        18          0          0          0          0         80   exit.o
        94          0          0          0          0         80   h1_alloc.o
        52          0          0          0          0         68   h1_extend.o
        78          0          0          0          0         80   h1_free.o
        14          0          0          0          0         84   h1_init.o
         6          0          0          0          0        152   heapauxi.o
         4          0          0          0          0        136   hguard.o
         0          0          0          0          0          0   indicate_semi.o
       138          0          0          0          0        168   init_alloc.o
        18          0          0          0          0         76   isspace.o
        44         10        272          0          0         76   lc_ctype_c.o
        44         10         28          0          0         76   lc_numeric_c.o
         2          0          0          0          0          0   libinit.o
        42          0          0          0          0          0   libinit2.o
         2          0          0          0          0          0   libshutdown.o
         2          0          0          0          0          0   libshutdown2.o
         8          4          0          0         96         68   libspace.o
        38          0          0          0          0         68   llshl.o
         0          0          0          0          0          0   maybetermalloc1.o
        40          6          0          0          0         84   noretval__2sprintf.o
        16          4          0          0          0         76   rt_ctype_table.o
         8          4          0          0          0         68   rt_errno_addr_intlibspace.o
         8          4          0          0          0         68   rt_heap_descriptor_intlibspace.o
         8          4          0          0          0         68   rt_locale_intlibspace.o
        68          0          0          0          0         68   rt_memclr.o
        78          0          0          0          0         80   rt_memclr_w.o
         2          0          0          0          0          0   rtexit.o
        10          0          0          0          0          0   rtexit2.o
      1272         16          0          0          0        168   scanf_fp.o
       800         14          0          0          0        100   scanf_hexfp.o
       308         16          0          0          0        100   scanf_infnan.o
        24          0          0          0          0         68   strcat.o
       128          0          0          0          0         68   strcmpv7m.o
        72          0          0          0          0         80   strcpy.o
        36          0          0          0          0         80   strstr.o
       164         14          0          0          0        120   strtod.o
       112          0          0          0          0         88   strtol.o
        12          4          0          0          0         68   sys_exit.o
        74          0          0          0          0         80   sys_stackheap_outer.o
        14          0          0          0          0         76   sys_wrch.o
         2          0          0          0          0         68   use_no_semi.o
        98          4          0          0          0        140   d2f.o
        16          4          0          0          0        116   dcheck1.o
        24          0          0          0          0        116   dcmpi.o
       120          4          0          0          0        140   deqf.o
        94          4          0          0          0        140   dfix.o
       120          4          0          0          0        140   dleqf.o
       340         12          0          0          0        152   dmul.o
       156          4          0          0          0        140   dnaninf.o
        12          0          0          0          0        116   dretinf.o
       108          0          0          0          0        128   drleqf.o
         0          0         16          0          0          0   fpconst.o
        10          0          0          0          0        116   fpinit.o
        10          0          0          0          0        116   fretinf.o
         6          0          0          0          0        116   istatus.o
       100          0          0          0          0        116   retnan.o
        92          0          0          0          0        116   scalbn.o
         4          0          0          0          0        116   scanf1.o
         8          0          0          0          0        132   scanf2.o
        48          0          0          0          0        116   trapv.o
         0          0          0          0          0          0   usenofp.o
        56         12          0          0          0        132   atof.o
        64         16          0          0          0        248   dunder.o
       140         22          0          0          0        132   frexp.o
       228          8          0          0          0        308   ldexp.o
       266         16          0          0          0        308   narrow.o

    ----------------------------------------------------------------------
      9306        450        464          0        100       8440   Library Totals
        20          2          0          0          4          0   (incl. Padding)

    ----------------------------------------------------------------------

      Code (inc. data)   RO Data    RW Data    ZI Data      Debug   Library Name

      7166        338        448          0         96       5040   c_w.l
      1366         36         16          0          0       2272   fz_wm.l
       754         74          0          0          0       1128   m_wm.l

    ----------------------------------------------------------------------
      9306        450        464          0        100       8440   Library Totals

    ----------------------------------------------------------------------

==============================================================================


      Code (inc. data)   RO Data    RW Data    ZI Data      Debug   

     18094       1822        914         60     125468     686007   Grand Totals
     18094       1822        914         60     125468     686007   ELF Image Totals
     18094       1822        914         60          0          0   ROM Totals

==============================================================================

    Total RO  Size (Code + RO Data)                19008 (  18.56kB)
    Total RW  Size (RW Data + ZI Data)            125528 ( 122.59kB)
    Total ROM Size (Code + RO Data + RW Data)      19068 (  18.62kB)

==============================================================================

